 菜单

 Timestamp is 5ac19174 (Mon Apr 02 10:12:04 2018)

 Preferred load address is 00400000

 Start         Length     Name                   Class
 0001:00000000 00010000H .textbss                DATA
 0002:00000000 00004134H .text$di                CODE
 0002:00004140 0000f23dH .text$mn                CODE
 0002:00013380 00001708H .text$x                 CODE
 0002:00014a90 0000130eH .text$yd                CODE
 0003:00000000 00000104H .CRT$XCA                DATA
 0003:00000104 00000104H .CRT$XCAA               DATA
 0003:00000208 00000109H .CRT$XCL                DATA
 0003:00000314 00000186H .CRT$XCU                DATA
 0003:0000049c 00000104H .CRT$XCZ                DATA
 0003:000005a0 00000104H .CRT$XIA                DATA
 0003:000006a4 00000104H .CRT$XIAA               DATA
 0003:000007a8 00000104H .CRT$XIC                DATA
 0003:000008ac 00000104H .CRT$XIY                DATA
 0003:000009b0 00000104H .CRT$XIZ                DATA
 0003:00000ac0 00003680H .rdata                  DATA
 0003:00004140 00000160H .rdata$debug            DATA
 0003:000042a0 0000097dH .rdata$r                DATA
 0003:00004c20 00000104H .rtc$IAA                DATA
 0003:00004d24 00000126H .rtc$IMZ                DATA
 0003:00004e4c 00000104H .rtc$IZZ                DATA
 0003:00004f50 00000104H .rtc$TAA                DATA
 0003:00005054 00000126H .rtc$TMZ                DATA
 0003:0000517c 00000104H .rtc$TZZ                DATA
 0003:00005280 000007feH .xdata$x                DATA
 0003:00005a80 00000104H ATL$__a                 DATA
 0003:00005b84 00000104H ATL$__z                 DATA
 0003:00005c88 00000000H .edata                  DATA
 0004:00000000 00000246H .data                   DATA
 0004:00000248 0000044eH .data$r                 DATA
 0004:00000698 00002ef8H .bss                    DATA
 0005:00000000 00000a98H .idata$5                DATA
 0005:00000a98 000000a0H .idata$2                DATA
 0005:00000b38 00000014H .idata$3                DATA
 0005:00000b4c 00000a98H .idata$4                DATA
 0005:000015e4 000007e4H .idata$6                DATA
 0006:00000000 00000ce8H .rsrc$01                DATA
 0006:00000cf0 00018b46H .rsrc$02                DATA

  Address         Publics by Value              Rva+Base       Lib:Object

 0000:00000000       ___safe_se_handler_table   00000000     <absolute>
 0000:00000000       ___safe_se_handler_count   00000000     <absolute>
 0000:00000000       ___guard_fids_count        00000000     <absolute>
 0000:00000000       ___guard_flags             00000000     <absolute>
 0000:00000000       ___guard_fids_table        00000000     <absolute>
 0000:00000000       ___ImageBase               00400000     <linker-defined>
 0001:00000000       __enc$textbss$begin        00401000     <linker-defined>
 0001:00010000       __enc$textbss$end          00411000     <linker-defined>
 0002:00004140       ?_GetBaseClass@CMainFrame@@KGPAUCRuntimeClass@@XZ 00415140 f   MainFrm.obj
 0002:00004178       ?AfxGetApp@@YGPAVCWinApp@@XZ 00415178 f   mfc120d:mfc120d.dll
 0002:0000417e       ?SetDefaultItem@CMenu@@QAEHIH@Z 0041517e f   mfc120d:mfc120d.dll
 0002:00004184       ?SetMenuItemBitmaps@CMenu@@QAEHIIPBVCBitmap@@0@Z 00415184 f   mfc120d:mfc120d.dll
 0002:0000418a       ??1CBitmap@@UAE@XZ         0041518a f   mfc120d:mfc120d.dll
 0002:00004190       ?CreateObject@CMainFrame@@SGPAVCObject@@XZ 00415190 f   MainFrm.obj
 0002:0000424a       ?LoadBitmapA@CBitmap@@QAEHI@Z 0041524a f   mfc120d:mfc120d.dll
 0002:00004250       ?data@CPlex@@QAEPAXXZ      00415250 f i MainFrm.obj
 0002:00004280       ??0CBitmap@@QAE@XZ         00415280 f   mfc120d:mfc120d.dll
 0002:00004286       _GetSystemMetrics@4        00415286 f   user32:USER32.dll
 0002:0000428c       ?Format@?$CStringT@DV?$StrTraitMFC_DLL@DV?$ChTraitsCRT@D@ATL@@@@@ATL@@QAAXPBDZZ 0041528c f   mfc120d:mfc120d.dll
 0002:00004292       ?MessageBoxA@CWnd@@QAEHPBD0I@Z 00415292 f   mfc120d:mfc120d.dll
 0002:00004298       ?EnableMenuItem@CMenu@@QAEIII@Z 00415298 f   mfc120d:mfc120d.dll
 0002:000042a0       ??0C菜单View@@IAE@XZ         004152a0 f   菜单View.obj
 0002:000042f0       ?__autoclassinit2@?$CList@II@@QAEXI@Z 004152f0 f i MainFrm.obj
 0002:0000433c       ?Detach@CMenu@@QAEPAUHMENU__@@XZ 0041533c f   mfc120d:mfc120d.dll
 0002:00004350       ?OnUpdateViewStatusBar@CMainFrame@@QAEXPAVCCmdUI@@@Z 00415350 f   MainFrm.obj
 0002:000043c0       ?Serialize@?$CList@II@@UAEXAAVCArchive@@@Z 004153c0 f i MainFrm.obj
 0002:00004520       ?TraceV@CTrace@ATL@@CAXPBDHIIPB_W@Z 00415520 f i MainFrm.obj
 0002:00004750       ?TraceV@CTrace@ATL@@SAXPBDHII0PAD@Z 00415750 f i MainFrm.obj
 0002:000048a0       ?__autoclassinit2@CMenu@@QAEXI@Z 004158a0 f i MainFrm.obj
 0002:00004ab0       ?OnViewCustomize@CMainFrame@@IAEXXZ 00415ab0 f   MainFrm.obj
 0002:00004bf0       ??$DumpElements@I@@YGXAAVCDumpContext@@PBIH@Z 00415bf0 f i MainFrm.obj
 0002:00004ce0       ??$SerializeElements@I@@YGXAAVCArchive@@PAIH@Z 00415ce0 f i MainFrm.obj
 0002:00004ed0       ??0?$CList@II@@QAE@H@Z     00415ed0 f i MainFrm.obj
 0002:00004fe0       ??0?$CTraceCategoryEx@$00$0A@@ATL@@QAE@PBD@Z 00415fe0 f i MainFrm.obj
 0002:00005040       ??0?$CTraceCategoryEx@$0CAAA@$0A@@ATL@@QAE@PBD@Z 00416040 f i MainFrm.obj
 0002:000050a0       ??0CMainFrame@@IAE@XZ      004160a0 f   MainFrm.obj
 0002:000051f0       ??0CRect@@QAE@HHHH@Z       004161f0 f i MainFrm.obj
 0002:00005260       ??0CTraceFileAndLineInfo@ATL@@QAE@PBDH@Z 00416260 f i MainFrm.obj
 0002:000052b0       ??1?$CList@II@@UAE@XZ      004162b0 f i MainFrm.obj
 0002:00005380       ??1CMainFrame@@UAE@XZ      00416380 f   MainFrm.obj
 0002:00005490       ??2@YAPAXIPAX@Z            00416490 f i MainFrm.obj
 0002:000054d0       ??B?$CTraceCategoryEx@$00$0A@@ATL@@QAEIXZ 004164d0 f i MainFrm.obj
 0002:00005510       ??RCTraceFileAndLineInfo@ATL@@QBAXPBDZZ 00416510 f i MainFrm.obj
 0002:000055a0       ??_G?$CList@II@@UAEPAXI@Z  004165a0 f i MainFrm.obj
 0002:000055a0       ??_E?$CList@II@@UAEPAXI@Z  004165a0 f i MainFrm.obj
 0002:00005610       ??_ECMainFrame@@UAEPAXI@Z  00416610 f i MainFrm.obj
 0002:00005610       ??_GCMainFrame@@UAEPAXI@Z  00416610 f i MainFrm.obj
 0002:00005680       ?AddTail@?$CList@II@@QAEPAU__POSITION@@I@Z 00416680 f i MainFrm.obj
 0002:00005740       ?AssertValid@?$CList@II@@UBEXXZ 00416740 f i MainFrm.obj
 0002:00005850       ?AssertValid@CMainFrame@@UBEXXZ 00416850 f   MainFrm.obj
 0002:000058a0       ?Dump@?$CList@II@@UBEXAAVCDumpContext@@@Z 004168a0 f i MainFrm.obj
 0002:000059c0       ?PreCreateWindow@C菜单View@@UAEHAAUtagCREATESTRUCTA@@@Z 004169c0 f   菜单View.obj
 0002:00005a10       ?Dump@CMainFrame@@UBEXAAVCDumpContext@@@Z 00416a10 f   MainFrm.obj
 0002:00005a70       ?EnablePaneMenu@CFrameWndEx@@QAEXHIABV?$CStringT@DV?$StrTraitMFC_DLL@DV?$ChTraitsCRT@D@ATL@@@@@ATL@@IHH@Z 00416a70 f i MainFrm.obj
 0002:00005b00       ?EnableQuickCustomization@CMFCToolBar@@SGXH@Z 00416b00 f i MainFrm.obj
 0002:00005b40       ?GetCategoryName@CTrace@ATL@@CAPA_WI@Z 00416b40 f i MainFrm.obj
 0002:00005bc0       ?GetHeadPosition@?$CList@II@@QBEPAU__POSITION@@XZ 00416bc0 f i MainFrm.obj
 0002:00005c00       ?GetMessageMap@CMainFrame@@MBEPBUAFX_MSGMAP@@XZ 00416c00 f   MainFrm.obj
 0002:00005c50       ?GetNext@?$CList@II@@QAEAAIAAPAU__POSITION@@@Z 00416c50 f i MainFrm.obj
 0002:00005cf0       ?GetRuntimeClass@CMainFrame@@UBEPAUCRuntimeClass@@XZ 00416cf0 f   MainFrm.obj
 0002:00005d30       ?GetThisClass@CMainFrame@@SGPAUCRuntimeClass@@XZ 00416d30 f   MainFrm.obj
 0002:00005d60       ?OnUpdateTestFe@CMainFrame@@QAEXPAVCCmdUI@@@Z 00416d60 f   MainFrm.obj
 0002:00005e80       ?OnUpdateFileOpen@CMainFrame@@QAEXPAVCCmdUI@@@Z 00416e80 f   MainFrm.obj
 0002:00005f10       ?GetToolbarButtonToolTipText@CFrameWndEx@@UAEHPAVCMFCToolBarButton@@AAV?$CStringT@DV?$StrTraitMFC_DLL@DV?$ChTraitsCRT@D@ATL@@@@@ATL@@@Z 00416f10 f i MainFrm.obj
 0002:00005f50       ?GetTrackingID@CFrameWnd@@UAEIXZ 00416f50 f i MainFrm.obj
 0002:00005f90       ?GetUserImages@CMFCToolBar@@SGPAVCMFCToolBarImages@@XZ 00416f90 f i MainFrm.obj
 0002:00005fd0       ?GetUserToolBarByIndex@CFrameWndEx@@IBEPAVCMFCToolBar@@H@Z 00416fd0 f i MainFrm.obj
 0002:00006030       ?InitUserToolbars@CFrameWndEx@@IAEXPBDII@Z 00417030 f i MainFrm.obj
 0002:000060a0       ?LoadFrame@CMainFrame@@UAEHIKPAVCWnd@@PAUCCreateContext@@@Z 004170a0 f   MainFrm.obj
 0002:00006220       ?OnEndPrinting@C菜单View@@MAEXPAVCDC@@PAUCPrintInfo@@@Z 00417220 f   菜单View.obj
 0002:00006280       ?NewNode@?$CList@II@@IAEPAUCNode@1@PAU21@0@Z 00417280 f i MainFrm.obj
 0002:00006450       ?OnApplicationLook@CMainFrame@@IAEXI@Z 00417450 f   MainFrm.obj
 0002:000066e0       ?GetMessageMap@C菜单View@@MBEPBUAFX_MSGMAP@@XZ 004176e0 f   菜单View.obj
 0002:00006780       ?OnCloseDockingPane@CFrameWndEx@@UAEHPAVCDockablePane@@@Z 00417780 f i MainFrm.obj
 0002:000067c0       ?OnCloseMiniFrame@CFrameWndEx@@UAEHPAVCPaneFrameWnd@@@Z 004177c0 f i MainFrm.obj
 0002:00006800       ?OnDrawMenuLogo@CFrameWndEx@@UAEXPAVCDC@@PAVCMFCPopupMenu@@ABVCRect@@@Z 00417800 f i MainFrm.obj
 0002:00006840       ?OnMenuButtonToolHitTest@CFrameWndEx@@UAEHPAVCMFCToolBarButton@@PAUtagTOOLINFOA@@@Z 00417840 f i MainFrm.obj
 0002:00006880       ?OnShowCustomizePane@CFrameWndEx@@UAEHPAVCMFCPopupMenu@@I@Z 00417880 f i MainFrm.obj
 0002:000068f0       ?OnTearOffMenu@CFrameWndEx@@UAEHPAVCMFCPopupMenu@@PAVCPane@@@Z 004178f0 f i MainFrm.obj
 0002:00006930       ?OnToolbarCreateNew@CMainFrame@@IAEJIJ@Z 00417930 f   MainFrm.obj
 0002:00006b00       ?OnUpdateApplicationLook@CMainFrame@@IAEXPAVCCmdUI@@@Z 00417b00 f   MainFrm.obj
 0002:00006b80       ?RemoveAll@?$CList@II@@QAEXXZ 00417b80 f i MainFrm.obj
 0002:00006cf0       ?SetControlbarsMenuId@CFrameImpl@@QAEXIH@Z 00417cf0 f i MainFrm.obj
 0002:00006fb0       ?GetThisMessageMap@CMainFrame@@KGPBUAFX_MSGMAP@@XZ 00417fb0 f   MainFrm.obj
 0002:00007210       ?PreCreateWindow@CMainFrame@@UAEHAAUtagCREATESTRUCTA@@@Z 00418210 f   MainFrm.obj
 0002:000073f0       ?RegisterCategory@CTrace@ATL@@SAXPBDI@Z 004183f0 f i MainFrm.obj
 0002:00007620       ?_AfxInitManaged@@YAHXZ    00418620 f i stdafx.obj
 0002:00007650       ??$AtlAdd@H@ATL@@YAJPAHHH@Z 00418650 f i stdafx.obj
 0002:000076d0       ??$AtlAdd@I@ATL@@YAJPAIII@Z 004186d0 f i stdafx.obj
 0002:00007740       ??$AtlAdd@K@ATL@@YAJPAKKK@Z 00418740 f i stdafx.obj
 0002:000077b0       ??$AtlAlignUp@H@ATL@@YGHHK@Z 004187b0 f i stdafx.obj
 0002:00007800       ??$AtlMultiply@I@ATL@@YAJPAIII@Z 00418800 f i stdafx.obj
 0002:00007880       ??$AtlMultiply@K@ATL@@YAJPAKKK@Z 00418880 f i stdafx.obj
 0002:00007900       ??0?$CSimpleArray@GV?$CSimpleArrayEqualHelper@G@ATL@@@ATL@@QAE@XZ 00418900 f i stdafx.obj
 0002:00007960       ??0?$CTraceCategoryEx@$01$0A@@ATL@@QAE@PBD@Z 00418960 f i stdafx.obj
 0002:000079c0       ??0?$CTraceCategoryEx@$03$0A@@ATL@@QAE@PBD@Z 004189c0 f i stdafx.obj
 0002:00007a20       ??0?$CTraceCategoryEx@$07$0A@@ATL@@QAE@PBD@Z 00418a20 f i stdafx.obj
 0002:00007a80       ??0?$CTraceCategoryEx@$0BA@$0A@@ATL@@QAE@PBD@Z 00418a80 f i stdafx.obj
 0002:00007ae0       ??0?$CTraceCategoryEx@$0BAA@$0A@@ATL@@QAE@PBD@Z 00418ae0 f i stdafx.obj
 0002:00007b40       ??0?$CTraceCategoryEx@$0BAAA@$0A@@ATL@@QAE@PBD@Z 00418b40 f i stdafx.obj
 0002:00007ba0       ??0?$CTraceCategoryEx@$0BAAAA@$0A@@ATL@@QAE@PBD@Z 00418ba0 f i stdafx.obj
 0002:00007c00       ??0?$CTraceCategoryEx@$0BAAAAA@$0A@@ATL@@QAE@PBD@Z 00418c00 f i stdafx.obj
 0002:00007c60       ??0?$CTraceCategoryEx@$0CA@$0A@@ATL@@QAE@PBD@Z 00418c60 f i stdafx.obj
 0002:00007cc0       ??0?$CTraceCategoryEx@$0CAA@$0A@@ATL@@QAE@PBD@Z 00418cc0 f i stdafx.obj
 0002:00007d20       ??0?$CTraceCategoryEx@$0CAAAA@$0A@@ATL@@QAE@PBD@Z 00418d20 f i stdafx.obj
 0002:00007d80       ??0?$CTraceCategoryEx@$0CAAAAA@$0A@@ATL@@QAE@PBD@Z 00418d80 f i stdafx.obj
 0002:00007de0       ??0?$CTraceCategoryEx@$0EA@$0A@@ATL@@QAE@PBD@Z 00418de0 f i stdafx.obj
 0002:00007e40       ??0?$CTraceCategoryEx@$0EAA@$0A@@ATL@@QAE@PBD@Z 00418e40 f i stdafx.obj
 0002:00007ea0       ??0?$CTraceCategoryEx@$0EAAA@$0A@@ATL@@QAE@PBD@Z 00418ea0 f i stdafx.obj
 0002:00007f00       ??0?$CTraceCategoryEx@$0EAAAA@$0A@@ATL@@QAE@PBD@Z 00418f00 f i stdafx.obj
 0002:00007f60       ??0?$CTraceCategoryEx@$0EAAAAA@$0A@@ATL@@QAE@PBD@Z 00418f60 f i stdafx.obj
 0002:00007fc0       ??0?$CTraceCategoryEx@$0IA@$0A@@ATL@@QAE@PBD@Z 00418fc0 f i stdafx.obj
 0002:00008020       ??0?$CTraceCategoryEx@$0IAA@$0A@@ATL@@QAE@PBD@Z 00419020 f i stdafx.obj
 0002:00008080       ??0?$CTraceCategoryEx@$0IAAA@$0A@@ATL@@QAE@PBD@Z 00419080 f i stdafx.obj
 0002:000080e0       ??0?$CTraceCategoryEx@$0IAAAA@$0A@@ATL@@QAE@PBD@Z 004190e0 f i stdafx.obj
 0002:00008140       ??0CAtlComModule@ATL@@QAE@XZ 00419140 f i stdafx.obj
 0002:00008270       ??0CAtlStringMgr@ATL@@QAE@PAUIAtlMemMgr@1@@Z 00419270 f i stdafx.obj
 0002:00008300       ??0CAtlWinModule@ATL@@QAE@XZ 00419300 f i stdafx.obj
 0002:000083d0       ??0CComCriticalSection@ATL@@QAE@XZ 004193d0 f i stdafx.obj
 0002:00008430       ??0CDCCache@CImage@ATL@@QAE@XZ 00419430 f i stdafx.obj
 0002:000084a0       ??0CInitGDIPlus@CImage@ATL@@QAE@XZ 004194a0 f i stdafx.obj
 0002:00008550       ??0CNilStringData@ATL@@QAE@XZ 00419550 f i stdafx.obj
 0002:000085f0       ??0CWin32Heap@ATL@@QAE@PAX@Z 004195f0 f i stdafx.obj
 0002:000086a0       ??0_ATL_COM_MODULE70@ATL@@QAE@XZ 004196a0 f i stdafx.obj
 0002:00008700       ??0_ATL_WIN_MODULE70@ATL@@QAE@XZ 00419700 f i stdafx.obj
 0002:000087b0       ??1?$CSimpleArray@GV?$CSimpleArrayEqualHelper@G@ATL@@@ATL@@QAE@XZ 004197b0 f i stdafx.obj
 0002:00008800       ??1CAtlComModule@ATL@@QAE@XZ 00419800 f i stdafx.obj
 0002:000088a0       ??1CAtlStringMgr@ATL@@UAE@XZ 004198a0 f i stdafx.obj
 0002:000088f0       ??1CAtlWinModule@ATL@@QAE@XZ 004198f0 f i stdafx.obj
 0002:00008990       ??1CComCriticalSection@ATL@@QAE@XZ 00419990 f i stdafx.obj
 0002:000089d0       ??1CDCCache@CImage@ATL@@QAE@XZ 004199d0 f i stdafx.obj
 0002:00008a70       ??1CInitGDIPlus@CImage@ATL@@QAE@XZ 00419a70 f i stdafx.obj
 0002:00008ae0       ??1CWin32Heap@ATL@@UAE@XZ  00419ae0 f i stdafx.obj
 0002:00008bb0       ??1_ATL_COM_MODULE70@ATL@@QAE@XZ 00419bb0 f i stdafx.obj
 0002:00008c10       ??1_ATL_WIN_MODULE70@ATL@@QAE@XZ 00419c10 f i stdafx.obj
 0002:00008cc0       ??A?$CSimpleArray@GV?$CSimpleArrayEqualHelper@G@ATL@@@ATL@@QAEAAGH@Z 00419cc0 f i stdafx.obj
 0002:00008d90       ??B?$CTraceCategoryEx@$01$0A@@ATL@@QAEIXZ 00419d90 f i stdafx.obj
 0002:00008dd0       ??B?$CTraceCategoryEx@$0CA@$0A@@ATL@@QAEIXZ 00419dd0 f i stdafx.obj
 0002:00008e10       ??RCTraceFileAndLineInfo@ATL@@QBAXHIPBDZZ 00419e10 f i stdafx.obj
 0002:00008e90       ??_GCAtlStringMgr@ATL@@UAEPAXI@Z 00419e90 f i stdafx.obj
 0002:00008e90       ??_ECAtlStringMgr@ATL@@UAEPAXI@Z 00419e90 f i stdafx.obj
 0002:00008f00       ??_GCWin32Heap@ATL@@UAEPAXI@Z 00419f00 f i stdafx.obj
 0002:00008f00       ??_ECWin32Heap@ATL@@UAEPAXI@Z 00419f00 f i stdafx.obj
 0002:00008f70       ??_H@YGXPAXIHP6EPAX0@Z@Z   00419f70 f i stdafx.obj
 0002:00008fe0       ?AddRef@CStringData@ATL@@QAEXXZ 00419fe0 f i stdafx.obj
 0002:00009080       ?Allocate@CAtlStringMgr@ATL@@UAEPAUCStringData@2@HH@Z 0041a080 f i stdafx.obj
 0002:00009330       ?Allocate@CWin32Heap@ATL@@UAEPAXI@Z 0041a330 f i stdafx.obj
 0002:000093a0       ?AtlWinModuleInit@ATL@@YGJPAU_ATL_WIN_MODULE70@1@@Z 0041a3a0 f i stdafx.obj
 0002:000094c0       ?AtlWinModuleTerm@ATL@@YGJPAU_ATL_WIN_MODULE70@1@PAUHINSTANCE__@@@Z 0041a4c0 f i stdafx.obj
 0002:000095c0       ?CImageStaticInitialize@CImage@ATL@@CA_NXZ 0041a5c0 f i stdafx.obj
 0002:00009610       ?Clone@CAtlStringMgr@ATL@@UAEPAUIAtlStringMgr@2@XZ 0041a610 f i stdafx.obj
 0002:00009650       ?Free@CAtlStringMgr@ATL@@UAEXPAUCStringData@2@@Z 0041a650 f i stdafx.obj
 0002:00009750       ?Free@CWin32Heap@ATL@@UAEXPAX@Z 0041a750 f i stdafx.obj
 0002:00009810       ?GetCDCCacheInstance@CImage@ATL@@CAPAVCDCCache@12@XZ 0041a810 f i stdafx.obj
 0002:00009890       ?GetInitGDIPlusInstance@CImage@ATL@@CAPAVCInitGDIPlus@12@XZ 0041a890 f i stdafx.obj
 0002:00009910       ?GetInstance@CAtlStringMgr@ATL@@SAPAUIAtlStringMgr@2@XZ 0041a910 f i stdafx.obj
 0002:00009a00       ?GetModuleInstance@CAtlBaseModule@ATL@@QAEPAUHINSTANCE__@@XZ 0041aa00 f i stdafx.obj
 0002:00009a40       ?GetNilString@CAtlStringMgr@ATL@@UAEPAUCStringData@2@XZ 0041aa40 f i stdafx.obj
 0002:00009aa0       ?GetSize@?$CSimpleArray@GV?$CSimpleArrayEqualHelper@G@ATL@@@ATL@@QBEHXZ 0041aaa0 f i stdafx.obj
 0002:00009ae0       ?GetSize@CWin32Heap@ATL@@UAEIPAX@Z 0041aae0 f i stdafx.obj
 0002:00009b50       ?Init@CComCriticalSection@ATL@@QAEJXZ 0041ab50 f i stdafx.obj
 0002:00009be0       ?Reallocate@CAtlStringMgr@ATL@@UAEPAUCStringData@2@PAU32@HH@Z 0041abe0 f i stdafx.obj
 0002:00009eb0       ?Reallocate@CWin32Heap@ATL@@UAEPAXPAXI@Z 0041aeb0 f i stdafx.obj
 0002:00009f80       ?ReleaseGDIPlus@CInitGDIPlus@CImage@ATL@@QAEXXZ 0041af80 f i stdafx.obj
 0002:0000a020       ?RemoveAll@?$CSimpleArray@GV?$CSimpleArrayEqualHelper@G@ATL@@@ATL@@QAEXXZ 0041b020 f i stdafx.obj
 0002:0000a0e0       ?SetManager@CNilStringData@ATL@@QAEXPAUIAtlStringMgr@2@@Z 0041b0e0 f i stdafx.obj
 0002:0000a180       ?StaticInitialize@CAtlStringMgr@ATL@@CA_NXZ 0041b180 f i stdafx.obj
 0002:0000a1d0       ?Term@CAtlComModule@ATL@@QAEXXZ 0041b1d0 f i stdafx.obj
 0002:0000a2d0       ?Term@CAtlWinModule@ATL@@QAEXXZ 0041b2d0 f i stdafx.obj
 0002:0000a330       ?Term@CComCriticalSection@ATL@@QAEJXZ 0041b330 f i stdafx.obj
 0002:0000a390       ?_AtlInitializeCriticalSectionEx@ATL@@YAHPAU_RTL_CRITICAL_SECTION@@KK@Z 0041b390 f i stdafx.obj
 0002:0000a3f0       ?_AtlRaiseException@ATL@@YAXKK@Z 0041b3f0 f i stdafx.obj
 0002:0000a450       ?__autoclassinit2@CAtlStringMgr@ATL@@QAEXI@Z 0041b450 f i stdafx.obj
 0002:0000a4b0       ?__autoclassinit2@CWin32Heap@ATL@@QAEXI@Z 0041b4b0 f i stdafx.obj
 0002:0000a510       _HRESULT_FROM_WIN32        0041b510 f i stdafx.obj
 0002:0000a580       ?OnAppAbout@C菜单App@@QAEXXZ 0041b580 f   菜单.obj
 0002:0000a6a0       ??0CAboutDlg@@QAE@XZ       0041b6a0 f   菜单.obj
 0002:0000a710       ??0CMFCToolTipInfo@@QAE@XZ 0041b710 f i 菜单.obj
 0002:0000a7f0       ??0C菜单App@@QAE@XZ          0041b7f0 f   菜单.obj
 0002:0000a8d0       ??1CAboutDlg@@UAE@XZ       0041b8d0 f i 菜单.obj
 0002:0000a920       ??1CDialogEx@@UAE@XZ       0041b920 f i 菜单.obj
 0002:0000a9e0       ??1C菜单App@@UAE@XZ          0041b9e0 f i 菜单.obj
 0002:0000aa30       ??_ECAboutDlg@@UAEPAXI@Z   0041ba30 f i 菜单.obj
 0002:0000aa30       ??_GCAboutDlg@@UAEPAXI@Z   0041ba30 f i 菜单.obj
 0002:0000aaa0       ??_GC菜单App@@UAEPAXI@Z      0041baa0 f i 菜单.obj
 0002:0000aaa0       ??_EC菜单App@@UAEPAXI@Z      0041baa0 f i 菜单.obj
 0002:0000ab10       ?DoDataExchange@CAboutDlg@@MAEXPAVCDataExchange@@@Z 0041bb10 f   菜单.obj
 0002:0000ab70       ?ExitInstance@C菜单App@@UAEHXZ 0041bb70 f   菜单.obj
 0002:0000abd0       ?GetApplicationRecoveryParameter@CWinApp@@UAEPAXXZ 0041bbd0 f i 菜单.obj
 0002:0000ac10       ?GetApplicationRecoveryPingInterval@CWinApp@@UAEKXZ 0041bc10 f i 菜单.obj
 0002:0000ac50       ?GetApplicationRestartFlags@CWinApp@@UAEKXZ 0041bc50 f i 菜单.obj
 0002:0000ac90       ?GetMessageMap@CAboutDlg@@MBEPBUAFX_MSGMAP@@XZ 0041bc90 f   菜单.obj
 0002:0000ace0       ?GetMessageMap@C菜单App@@MBEPBUAFX_MSGMAP@@XZ 0041bce0 f   菜单.obj
 0002:0000ad30       ?GetThisMessageMap@CAboutDlg@@KGPBUAFX_MSGMAP@@XZ 0041bd30 f   菜单.obj
 0002:0000ad70       ?GetThisMessageMap@C菜单App@@KGPBUAFX_MSGMAP@@XZ 0041bd70 f   菜单.obj
 0002:0000adb0       ?InitInstance@C菜单App@@UAEHXZ 0041bdb0 f   菜单.obj
 0002:0000b100       ?LoadCustomState@C菜单App@@UAEXXZ 0041c100 f   菜单.obj
 0002:0000b140       ?OnWorkspaceIdle@CWinAppEx@@UAEHPAVCWnd@@@Z 0041c140 f i 菜单.obj
 0002:0000b180       ?PreLoadState@C菜单App@@UAEXXZ 0041c180 f   菜单.obj
 0002:0000b300       ?PreSaveState@CWinAppEx@@MAEXXZ 0041c300 f i 菜单.obj
 0002:0000b340       ?ReopenPreviousFilesAtRestart@CWinApp@@UBEHXZ 0041c340 f i 菜单.obj
 0002:0000b390       ?RestoreAutosavedFilesAtRestart@CWinApp@@UBEHXZ 0041c390 f i 菜单.obj
 0002:0000b3e0       ?SaveCustomState@C菜单App@@UAEXXZ 0041c3e0 f   菜单.obj
 0002:0000b420       ?SupportsApplicationRecovery@CWinApp@@UBEHXZ 0041c420 f i 菜单.obj
 0002:0000b470       ?SupportsAutosaveAtInterval@CWinApp@@UBEHXZ 0041c470 f i 菜单.obj
 0002:0000b4c0       ?SupportsAutosaveAtRestart@CWinApp@@UBEHXZ 0041c4c0 f i 菜单.obj
 0002:0000b510       ?SupportsRestartManager@CWinApp@@UBEHXZ 0041c510 f i 菜单.obj
 0002:0000b560       ?__autoclassinit2@CAboutDlg@@QAEXI@Z 0041c560 f i 菜单.obj
 0002:0000b5c0       ?__autoclassinit2@C菜单App@@QAEXI@Z 0041c5c0 f i 菜单.obj
 0002:0000b620       ?_GetBaseClass@C菜单Doc@@KGPAUCRuntimeClass@@XZ 0041c620 f   菜单Doc.obj
 0002:0000b670       ?CreateObject@C菜单Doc@@SGPAVCObject@@XZ 0041c670 f   菜单Doc.obj
 0002:0000b760       ??0CDocumentAdapter@CDocument@@QAE@PAV1@@Z 0041c760 f i 菜单Doc.obj
 0002:0000b7d0       ??0C菜单Doc@@IAE@XZ          0041c7d0 f   菜单Doc.obj
 0002:0000b830       ??0IDocument@ATL@@IAE@XZ   0041c830 f i 菜单Doc.obj
 0002:0000b880       ??1CDocumentAdapter@CDocument@@UAE@XZ 0041c880 f i 菜单Doc.obj
 0002:0000b9a0       ??1C菜单Doc@@UAE@XZ          0041c9a0 f   菜单Doc.obj
 0002:0000ba00       ??1IDocument@ATL@@UAE@XZ   0041ca00 f i 菜单Doc.obj
 0002:0000ba40       ??_GCDocumentAdapter@CDocument@@UAEPAXI@Z 0041ca40 f i 菜单Doc.obj
 0002:0000ba40       ??_ECDocumentAdapter@CDocument@@UAEPAXI@Z 0041ca40 f i 菜单Doc.obj
 0002:0000bab0       ??_GC菜单Doc@@UAEPAXI@Z      0041cab0 f i 菜单Doc.obj
 0002:0000bab0       ??_EC菜单Doc@@UAEPAXI@Z      0041cab0 f i 菜单Doc.obj
 0002:0000bb20       ??_GIDocument@ATL@@UAEPAXI@Z 0041cb20 f i 菜单Doc.obj
 0002:0000bb20       ??_EIDocument@ATL@@UAEPAXI@Z 0041cb20 f i 菜单Doc.obj
 0002:0000bb90       ?AddRef@IDocument@ATL@@UAEJXZ 0041cb90 f i 菜单Doc.obj
 0002:0000bbe0       ?AssertValid@C菜单Doc@@UBEXXZ 0041cbe0 f   菜单Doc.obj
 0002:0000bc30       ?BeginReadChunks@CDocumentAdapter@CDocument@@UAEXXZ 0041cc30 f i 菜单Doc.obj
 0002:0000bd00       ?ClearChunkList@CDocumentAdapter@CDocument@@UAEXXZ 0041cd00 f i 菜单Doc.obj
 0002:0000bdd0       ?Dump@C菜单Doc@@UBEXAAVCDumpContext@@@Z 0041cdd0 f   菜单Doc.obj
 0002:0000be30       ?FindChunk@CDocumentAdapter@CDocument@@UAEPAU__POSITION@@ABU_GUID@@K@Z 0041ce30 f i 菜单Doc.obj
 0002:0000bf10       ?GetAdapter@CDocument@@UAEPAUIDocument@ATL@@XZ 0041cf10 f i 菜单Doc.obj
 0002:0000c0f0       ?GetContainer@CDocumentAdapter@CDocument@@UBEPAXXZ 0041d0f0 f i 菜单Doc.obj
 0002:0000c130       ?GetMessageMap@C菜单Doc@@MBEPBUAFX_MSGMAP@@XZ 0041d130 f   菜单Doc.obj
 0002:0000c180       ?GetRuntimeClass@C菜单Doc@@UBEPAUCRuntimeClass@@XZ 0041d180 f   菜单Doc.obj
 0002:0000c1c0       ?GetThisClass@C菜单Doc@@SGPAUCRuntimeClass@@XZ 0041d1c0 f   菜单Doc.obj
 0002:0000c200       ?GetThisMessageMap@C菜单Doc@@KGPBUAFX_MSGMAP@@XZ 0041d200 f   菜单Doc.obj
 0002:0000c240       ?GetThumbnail@CDocumentAdapter@CDocument@@UAEHIPAPAUHBITMAP__@@PAW4WTS_ALPHATYPE@@@Z 0041d240 f i 菜单Doc.obj
 0002:0000c320       ?InitializeSearchContent@CDocument@@UAEXXZ 0041d320 f i 菜单Doc.obj
 0002:0000c3a0       ?InitializeSearchContent@CDocumentAdapter@CDocument@@UAEXXZ 0041d3a0 f i 菜单Doc.obj
 0002:0000c470       ?LoadFromStream@CDocumentAdapter@CDocument@@UAEJPAUIStream@@K@Z 0041d470 f i 菜单Doc.obj
 0002:0000c5a0       ?OnBeforeRichPreviewFontChanged@CDocument@@UAEXXZ 0041d5a0 f i 菜单Doc.obj
 0002:0000c5e0       ?OnNewDocument@C菜单Doc@@UAEHXZ 0041d5e0 f   菜单Doc.obj
 0002:0000c640       ?OnRichPreviewBackColorChanged@CDocument@@UAEXXZ 0041d640 f i 菜单Doc.obj
 0002:0000c680       ?OnRichPreviewFontChanged@CDocument@@UAEXXZ 0041d680 f i 菜单Doc.obj
 0002:0000c6c0       ?OnRichPreviewSiteChanged@CDocument@@UAEXXZ 0041d6c0 f i 菜单Doc.obj
 0002:0000c700       ?OnRichPreviewTextColorChanged@CDocument@@UAEXXZ 0041d700 f i 菜单Doc.obj
 0002:0000c740       ?ReadNextChunkValue@CDocumentAdapter@CDocument@@UAEHPAPAUIFilterChunkValue@ATL@@@Z 0041d740 f i 菜单Doc.obj
 0002:0000c810       ?Release@IDocument@ATL@@UAEJXZ 0041d810 f i 菜单Doc.obj
 0002:0000c900       ?RemoveChunk@CDocumentAdapter@CDocument@@UAEXABU_GUID@@K@Z 0041d900 f i 菜单Doc.obj
 0002:0000c9e0       ?Serialize@C菜单Doc@@UAEXAAVCArchive@@@Z 0041d9e0 f   菜单Doc.obj
 0002:0000ca40       ?SetChunkValue@CDocumentAdapter@CDocument@@UAEHPAUIFilterChunkValue@ATL@@@Z 0041da40 f i 菜单Doc.obj
 0002:0000cb10       ?__autoclassinit2@CDocumentAdapter@CDocument@@QAEXI@Z 0041db10 f i 菜单Doc.obj
 0002:0000cb70       ?_GetBaseClass@C菜单View@@KGPAUCRuntimeClass@@XZ 0041db70 f   菜单View.obj
 0002:0000cbc0       ?CreateObject@C菜单View@@SGPAVCObject@@XZ 0041dbc0 f   菜单View.obj
 0002:0000ccb0       ?OnFilePrintPreview@C菜单View@@IAEXXZ 0041dcb0 f   菜单View.obj
 0002:0000cd10       ?OnRButtonUp@C菜单View@@IAEXIVCPoint@@@Z 0041dd10 f   菜单View.obj
 0002:0000cd80       ?OnContextMenu@C菜单View@@IAEXPAVCWnd@@VCPoint@@@Z 0041dd80 f   菜单View.obj
 0002:0000ce20       ?OnTest@C菜单View@@QAEXXZ    0041de20 f   菜单View.obj
 0002:0000cff0       ??1C菜单View@@UAE@XZ         0041dff0 f   菜单View.obj
 0002:0000d040       ??_GC菜单View@@UAEPAXI@Z     0041e040 f i 菜单View.obj
 0002:0000d040       ??_EC菜单View@@UAEPAXI@Z     0041e040 f i 菜单View.obj
 0002:0000d0a0       ?AssertValid@C菜单View@@UBEXXZ 0041e0a0 f   菜单View.obj
 0002:0000d100       ?Dump@C菜单View@@UBEXAAVCDumpContext@@@Z 0041e100 f   菜单View.obj
 0002:0000d170       ?GetDocument@C菜单View@@QBEPAVC菜单Doc@@XZ 0041e170 f   菜单View.obj
 0002:0000d220       ?GetRuntimeClass@C菜单View@@UBEPAUCRuntimeClass@@XZ 0041e220 f   菜单View.obj
 0002:0000d2b0       ?GetThisClass@C菜单View@@SGPAUCRuntimeClass@@XZ 0041e2b0 f   菜单View.obj
 0002:0000d300       ?GetThisMessageMap@C菜单View@@KGPBUAFX_MSGMAP@@XZ 0041e300 f   菜单View.obj
 0002:0000d340       ?OnBeginPrinting@C菜单View@@MAEXPAVCDC@@PAUCPrintInfo@@@Z 0041e340 f   菜单View.obj
 0002:0000d380       ?OnDraw@C菜单View@@UAEXPAVCDC@@@Z 0041e380 f   菜单View.obj
 0002:0000d400       ?OnPreparePrinting@C菜单View@@MAEHPAUCPrintInfo@@@Z 0041e400 f   菜单View.obj
 0002:0000d5de       ??3@YAXPAX@Z               0041e5de f   mfc120d:mfc120d.dll
 0002:0000d5e4       ?GetThisMessageMap@CFrameWndEx@@KGPBUAFX_MSGMAP@@XZ 0041e5e4 f   mfc120d:mfc120d.dll
 0002:0000d5ea       ?AfxAssertFailedLine@@YGHPBDH@Z 0041e5ea f   mfc120d:mfc120d.dll
 0002:0000d5f0       ?AfxAssertValidObject@@YGXPBVCObject@@PBDH@Z 0041e5f0 f   mfc120d:mfc120d.dll
 0002:0000d5f6       ?AfxThrowInvalidArgException@@YGXXZ 0041e5f6 f   mfc120d:mfc120d.dll
 0002:0000d5fc       ?GetRuntimeClass@CObject@@UBEPAUCRuntimeClass@@XZ 0041e5fc f   mfc120d:mfc120d.dll
 0002:0000d602       ??1CObject@@UAE@XZ         0041e602 f   mfc120d:mfc120d.dll
 0002:0000d608       ??3CObject@@SGXPAX@Z       0041e608 f   mfc120d:mfc120d.dll
 0002:0000d60e       ??2CObject@@SGPAXIPBDH@Z   0041e60e f   mfc120d:mfc120d.dll
 0002:0000d614       ??3CObject@@SGXPAXPBDH@Z   0041e614 f   mfc120d:mfc120d.dll
 0002:0000d61a       ??0CObject@@IAE@XZ         0041e61a f   mfc120d:mfc120d.dll
 0002:0000d620       ?Serialize@CObject@@UAEXAAVCArchive@@@Z 0041e620 f   mfc120d:mfc120d.dll
 0002:0000d626       ?AssertValid@CObject@@UBEXXZ 0041e626 f   mfc120d:mfc120d.dll
 0002:0000d62c       ?Dump@CObject@@UBEXAAVCDumpContext@@@Z 0041e62c f   mfc120d:mfc120d.dll
 0002:0000d632       ??B?$CSimpleStringT@D$00@ATL@@QBEPBDXZ 0041e632 f   mfc120d:mfc120d.dll
 0002:0000d638       ??0?$CStringT@DV?$StrTraitMFC_DLL@DV?$ChTraitsCRT@D@ATL@@@@@ATL@@QAE@XZ 0041e638 f   mfc120d:mfc120d.dll
 0002:0000d63e       ??1?$CStringT@DV?$StrTraitMFC_DLL@DV?$ChTraitsCRT@D@ATL@@@@@ATL@@QAE@XZ 0041e63e f   mfc120d:mfc120d.dll
 0002:0000d644       ?LoadStringA@?$CStringT@DV?$StrTraitMFC_DLL@DV?$ChTraitsCRT@D@ATL@@@@@ATL@@QAEHI@Z 0041e644 f   mfc120d:mfc120d.dll
 0002:0000d64a       ?AfxIsValidAddress@@YGHPBXIH@Z 0041e64a f   mfc120d:mfc120d.dll
 0002:0000d650       ?IsStoring@CArchive@@QBEHXZ 0041e650 f   mfc120d:mfc120d.dll
 0002:0000d656       ?EnsureRead@CArchive@@QAEXPAXI@Z 0041e656 f   mfc120d:mfc120d.dll
 0002:0000d65c       ?Write@CArchive@@QAEXPBXI@Z 0041e65c f   mfc120d:mfc120d.dll
 0002:0000d662       ?ReadCount@CArchive@@QAEKXZ 0041e662 f   mfc120d:mfc120d.dll
 0002:0000d668       ?WriteCount@CArchive@@QAEXK@Z 0041e668 f   mfc120d:mfc120d.dll
 0002:0000d66e       ?GetDepth@CDumpContext@@QBEHXZ 0041e66e f   mfc120d:mfc120d.dll
 0002:0000d674       ??6CDumpContext@@QAEAAV0@PBD@Z 0041e674 f   mfc120d:mfc120d.dll
 0002:0000d67a       ??6CDumpContext@@QAEAAV0@H@Z 0041e67a f   mfc120d:mfc120d.dll
 0002:0000d680       ?Create@CPlex@@SGPAU1@AAPAU1@II@Z 0041e680 f   mfc120d:mfc120d.dll
 0002:0000d686       ?FreeDataChain@CPlex@@QAEXXZ 0041e686 f   mfc120d:mfc120d.dll
 0002:0000d68c       ??0CMenu@@QAE@XZ           0041e68c f   mfc120d:mfc120d.dll
 0002:0000d692       ?LoadMenuA@CMenu@@QAEHI@Z  0041e692 f   mfc120d:mfc120d.dll
 0002:0000d698       ??1CMenu@@UAE@XZ           0041e698 f   mfc120d:mfc120d.dll
 0002:0000d69e       ?IsInvokeAllowed@CCmdTarget@@UAEHJ@Z 0041e69e f   mfc120d:mfc120d.dll
 0002:0000d6a4       ?GetDispatchIID@CCmdTarget@@UAEHPAU_GUID@@@Z 0041e6a4 f   mfc120d:mfc120d.dll
 0002:0000d6aa       ?GetTypeInfoCount@CCmdTarget@@UAEIXZ 0041e6aa f   mfc120d:mfc120d.dll
 0002:0000d6b0       ?GetTypeLibCache@CCmdTarget@@UAEPAVCTypeLibCache@@XZ 0041e6b0 f   mfc120d:mfc120d.dll
 0002:0000d6b6       ?GetTypeLib@CCmdTarget@@UAEJKPAPAUITypeLib@@@Z 0041e6b6 f   mfc120d:mfc120d.dll
 0002:0000d6bc       ?GetCommandMap@CCmdTarget@@MBEPBUAFX_OLECMDMAP@@XZ 0041e6bc f   mfc120d:mfc120d.dll
 0002:0000d6c2       ?GetDispatchMap@CCmdTarget@@MBEPBUAFX_DISPMAP@@XZ 0041e6c2 f   mfc120d:mfc120d.dll
 0002:0000d6c8       ?GetConnectionMap@CCmdTarget@@MBEPBUAFX_CONNECTIONMAP@@XZ 0041e6c8 f   mfc120d:mfc120d.dll
 0002:0000d6ce       ?GetEventSinkMap@CCmdTarget@@MBEPBUAFX_EVENTSINKMAP@@XZ 0041e6ce f   mfc120d:mfc120d.dll
 0002:0000d6d4       ?OnCreateAggregates@CCmdTarget@@UAEHXZ 0041e6d4 f   mfc120d:mfc120d.dll
 0002:0000d6da       ?GetInterfaceHook@CCmdTarget@@UAEPAUIUnknown@@PBX@Z 0041e6da f   mfc120d:mfc120d.dll
 0002:0000d6e0       ?GetExtraConnectionPoints@CCmdTarget@@MAEHPAVCPtrArray@@@Z 0041e6e0 f   mfc120d:mfc120d.dll
 0002:0000d6e6       ?GetConnectionHook@CCmdTarget@@MAEPAUIConnectionPoint@@ABU_GUID@@@Z 0041e6e6 f   mfc120d:mfc120d.dll
 0002:0000d6ec       ?PreSubclassWindow@CWnd@@UAEXXZ 0041e6ec f   mfc120d:mfc120d.dll
 0002:0000d6f2       ?Create@CWnd@@UAEHPBD0KABUtagRECT@@PAV1@IPAUCCreateContext@@@Z 0041e6f2 f   mfc120d:mfc120d.dll
 0002:0000d6f8       ?CreateEx@CWnd@@UAEHKPBD0KHHHHPAUHWND__@@PAUHMENU__@@PAX@Z 0041e6f8 f   mfc120d:mfc120d.dll
 0002:0000d6fe       ?CreateEx@CWnd@@UAEHKPBD0KABUtagRECT@@PAV1@IPAX@Z 0041e6fe f   mfc120d:mfc120d.dll
 0002:0000d704       ?DestroyWindow@CWnd@@UAEHXZ 0041e704 f   mfc120d:mfc120d.dll
 0002:0000d70a       ?CalcWindowRect@CWnd@@UAEXPAUtagRECT@@I@Z 0041e70a f   mfc120d:mfc120d.dll
 0002:0000d710       ?SetWindowTextA@CWnd@@QAEXPBD@Z 0041e710 f   mfc120d:mfc120d.dll
 0002:0000d716       ?RedrawWindow@CWnd@@QAEHPBUtagRECT@@PAVCRgn@@I@Z 0041e716 f   mfc120d:mfc120d.dll
 0002:0000d71c       ?OnToolHitTest@CWnd@@UBEHVCPoint@@PAUtagTOOLINFOA@@@Z 0041e71c f   mfc120d:mfc120d.dll
 0002:0000d722       ?GetScrollBarCtrl@CWnd@@UBEPAVCScrollBar@@H@Z 0041e722 f   mfc120d:mfc120d.dll
 0002:0000d728       ?WinHelpInternal@CWnd@@UAEXKI@Z 0041e728 f   mfc120d:mfc120d.dll
 0002:0000d72e       ?ContinueModal@CWnd@@UAEHXZ 0041e72e f   mfc120d:mfc120d.dll
 0002:0000d734       ?EndModalLoop@CWnd@@UAEXH@Z 0041e734 f   mfc120d:mfc120d.dll
 0002:0000d73a       ?OnDrawIconicThumbnailOrLivePreview@CWnd@@UAEXAAVCDC@@VCRect@@VCSize@@HAAH@Z 0041e73a f   mfc120d:mfc120d.dll
 0002:0000d740       ?GetInterfaceMap@CWnd@@MBEPBUAFX_INTERFACEMAP@@XZ 0041e740 f   mfc120d:mfc120d.dll
 0002:0000d746       ?EnsureStdObj@CWnd@@UAEJXZ 0041e746 f   mfc120d:mfc120d.dll
 0002:0000d74c       ?get_accParent@CWnd@@UAEJPAPAUIDispatch@@@Z 0041e74c f   mfc120d:mfc120d.dll
 0002:0000d752       ?get_accChildCount@CWnd@@UAEJPAJ@Z 0041e752 f   mfc120d:mfc120d.dll
 0002:0000d758       ?get_accChild@CWnd@@UAEJUtagVARIANT@@PAPAUIDispatch@@@Z 0041e758 f   mfc120d:mfc120d.dll
 0002:0000d75e       ?get_accName@CWnd@@UAEJUtagVARIANT@@PAPA_W@Z 0041e75e f   mfc120d:mfc120d.dll
 0002:0000d764       ?get_accValue@CWnd@@UAEJUtagVARIANT@@PAPA_W@Z 0041e764 f   mfc120d:mfc120d.dll
 0002:0000d76a       ?get_accDescription@CWnd@@UAEJUtagVARIANT@@PAPA_W@Z 0041e76a f   mfc120d:mfc120d.dll
 0002:0000d770       ?get_accRole@CWnd@@UAEJUtagVARIANT@@PAU2@@Z 0041e770 f   mfc120d:mfc120d.dll
 0002:0000d776       ?get_accState@CWnd@@UAEJUtagVARIANT@@PAU2@@Z 0041e776 f   mfc120d:mfc120d.dll
 0002:0000d77c       ?get_accHelp@CWnd@@UAEJUtagVARIANT@@PAPA_W@Z 0041e77c f   mfc120d:mfc120d.dll
 0002:0000d782       ?get_accHelpTopic@CWnd@@UAEJPAPA_WUtagVARIANT@@PAJ@Z 0041e782 f   mfc120d:mfc120d.dll
 0002:0000d788       ?get_accKeyboardShortcut@CWnd@@UAEJUtagVARIANT@@PAPA_W@Z 0041e788 f   mfc120d:mfc120d.dll
 0002:0000d78e       ?get_accFocus@CWnd@@UAEJPAUtagVARIANT@@@Z 0041e78e f   mfc120d:mfc120d.dll
 0002:0000d794       ?get_accSelection@CWnd@@UAEJPAUtagVARIANT@@@Z 0041e794 f   mfc120d:mfc120d.dll
 0002:0000d79a       ?get_accDefaultAction@CWnd@@UAEJUtagVARIANT@@PAPA_W@Z 0041e79a f   mfc120d:mfc120d.dll
 0002:0000d7a0       ?accSelect@CWnd@@UAEJJUtagVARIANT@@@Z 0041e7a0 f   mfc120d:mfc120d.dll
 0002:0000d7a6       ?accLocation@CWnd@@UAEJPAJ000UtagVARIANT@@@Z 0041e7a6 f   mfc120d:mfc120d.dll
 0002:0000d7ac       ?accNavigate@CWnd@@UAEJJUtagVARIANT@@PAU2@@Z 0041e7ac f   mfc120d:mfc120d.dll
 0002:0000d7b2       ?accHitTest@CWnd@@UAEJJJPAUtagVARIANT@@@Z 0041e7b2 f   mfc120d:mfc120d.dll
 0002:0000d7b8       ?accDoDefaultAction@CWnd@@UAEJUtagVARIANT@@@Z 0041e7b8 f   mfc120d:mfc120d.dll
 0002:0000d7be       ?put_accName@CWnd@@UAEJUtagVARIANT@@PA_W@Z 0041e7be f   mfc120d:mfc120d.dll
 0002:0000d7c4       ?put_accValue@CWnd@@UAEJUtagVARIANT@@PA_W@Z 0041e7c4 f   mfc120d:mfc120d.dll
 0002:0000d7ca       ?SetProxy@CWnd@@UAEJPAUIAccessibleProxy@@@Z 0041e7ca f   mfc120d:mfc120d.dll
 0002:0000d7d0       ?CreateAccessibleProxy@CWnd@@UAEJIJPAJ@Z 0041e7d0 f   mfc120d:mfc120d.dll
 0002:0000d7d6       ?OnNotify@CWnd@@MAEHIJPAJ@Z 0041e7d6 f   mfc120d:mfc120d.dll
 0002:0000d7dc       ?GetSuperWndProcAddr@CWnd@@MAEPAP6GJPAUHWND__@@IIJ@ZXZ 0041e7dc f   mfc120d:mfc120d.dll
 0002:0000d7e2       ?DoDataExchange@CWnd@@MAEXPAVCDataExchange@@@Z 0041e7e2 f   mfc120d:mfc120d.dll
 0002:0000d7e8       ?OnAmbientProperty@CWnd@@UAEHPAVCOleControlSite@@JPAUtagVARIANT@@@Z 0041e7e8 f   mfc120d:mfc120d.dll
 0002:0000d7ee       ?WindowProc@CWnd@@MAEJIIJ@Z 0041e7ee f   mfc120d:mfc120d.dll
 0002:0000d7f4       ?OnWndMsg@CWnd@@MAEHIIJPAJ@Z 0041e7f4 f   mfc120d:mfc120d.dll
 0002:0000d7fa       ?DefWindowProcA@CWnd@@MAEJIIJ@Z 0041e7fa f   mfc120d:mfc120d.dll
 0002:0000d800       ?OnChildNotify@CWnd@@MAEHIIJPAJ@Z 0041e800 f   mfc120d:mfc120d.dll
 0002:0000d806       ?OnTouchInputs@CWnd@@MAEHIPAUtagTOUCHINPUT@@@Z 0041e806 f   mfc120d:mfc120d.dll
 0002:0000d80c       ?OnTouchInput@CWnd@@MAEHVCPoint@@HHPAUtagTOUCHINPUT@@@Z 0041e80c f   mfc120d:mfc120d.dll
 0002:0000d812       ?GetGestureStatus@CWnd@@MAEKVCPoint@@@Z 0041e812 f   mfc120d:mfc120d.dll
 0002:0000d818       ?OnGestureZoom@CWnd@@MAEHVCPoint@@J@Z 0041e818 f   mfc120d:mfc120d.dll
 0002:0000d81e       ?OnGesturePan@CWnd@@MAEHVCPoint@@0@Z 0041e81e f   mfc120d:mfc120d.dll
 0002:0000d824       ?OnGestureRotate@CWnd@@MAEHVCPoint@@N@Z 0041e824 f   mfc120d:mfc120d.dll
 0002:0000d82a       ?OnGestureTwoFingerTap@CWnd@@MAEHVCPoint@@@Z 0041e82a f   mfc120d:mfc120d.dll
 0002:0000d830       ?OnGesturePressAndTap@CWnd@@MAEHVCPoint@@J@Z 0041e830 f   mfc120d:mfc120d.dll
 0002:0000d836       ?CheckAutoCenter@CWnd@@UAEHXZ 0041e836 f   mfc120d:mfc120d.dll
 0002:0000d83c       ?OnFinalRelease@CWnd@@UAEXXZ 0041e83c f   mfc120d:mfc120d.dll
 0002:0000d842       ?CreateControlContainer@CWnd@@MAEHPAPAVCOleControlContainer@@@Z 0041e842 f   mfc120d:mfc120d.dll
 0002:0000d848       ?CreateControlSite@CWnd@@MAEHPAVCOleControlContainer@@PAPAVCOleControlSite@@IABU_GUID@@@Z 0041e848 f   mfc120d:mfc120d.dll
 0002:0000d84e       ?SetOccDialogInfo@CWnd@@MAEHPAU_AFX_OCC_DIALOG_INFO@@@Z 0041e84e f   mfc120d:mfc120d.dll
 0002:0000d854       ?GetOccDialogInfo@CWnd@@MAEPAU_AFX_OCC_DIALOG_INFO@@XZ 0041e854 f   mfc120d:mfc120d.dll
 0002:0000d85a       ?Create@CFrameWnd@@UAEHPBD0KABUtagRECT@@PAVCWnd@@0KPAUCCreateContext@@@Z 0041e85a f   mfc120d:mfc120d.dll
 0002:0000d860       ?GetActiveDocument@CFrameWnd@@UAEPAVCDocument@@XZ 0041e860 f   mfc120d:mfc120d.dll
 0002:0000d866       ?GetActiveFrame@CFrameWnd@@UAEPAV1@XZ 0041e866 f   mfc120d:mfc120d.dll
 0002:0000d86c       ?GetMessageString@CFrameWnd@@UBEXIAAV?$CStringT@DV?$StrTraitMFC_DLL@DV?$ChTraitsCRT@D@ATL@@@@@ATL@@@Z 0041e86c f   mfc120d:mfc120d.dll
 0002:0000d872       ?ActivateFrame@CFrameWnd@@UAEXH@Z 0041e872 f   mfc120d:mfc120d.dll
 0002:0000d878       ?GetMenu@CFrameWnd@@UBEPAVCMenu@@XZ 0041e878 f   mfc120d:mfc120d.dll
 0002:0000d87e       ?SetMenu@CFrameWnd@@UAEHPAVCMenu@@@Z 0041e87e f   mfc120d:mfc120d.dll
 0002:0000d884       ?SetMenuBarVisibility@CFrameWnd@@UAEXK@Z 0041e884 f   mfc120d:mfc120d.dll
 0002:0000d88a       ?GetMenuBarVisibility@CFrameWnd@@UBEKXZ 0041e88a f   mfc120d:mfc120d.dll
 0002:0000d890       ?SetMenuBarState@CFrameWnd@@UAEHK@Z 0041e890 f   mfc120d:mfc120d.dll
 0002:0000d896       ?GetMenuBarState@CFrameWnd@@UBEKXZ 0041e896 f   mfc120d:mfc120d.dll
 0002:0000d89c       ?BeginModalState@CFrameWnd@@UAEXXZ 0041e89c f   mfc120d:mfc120d.dll
 0002:0000d8a2       ?EndModalState@CFrameWnd@@UAEXXZ 0041e8a2 f   mfc120d:mfc120d.dll
 0002:0000d8a8       ?GetMessageBar@CFrameWnd@@UAEPAVCWnd@@XZ 0041e8a8 f   mfc120d:mfc120d.dll
 0002:0000d8ae       ?OnCreateClient@CFrameWnd@@MAEHPAUtagCREATESTRUCTA@@PAUCCreateContext@@@Z 0041e8ae f   mfc120d:mfc120d.dll
 0002:0000d8b4       ?AssertValid@CFrameWnd@@UBEXXZ 0041e8b4 f   mfc120d:mfc120d.dll
 0002:0000d8ba       ?Dump@CFrameWnd@@UBEXAAVCDumpContext@@@Z 0041e8ba f   mfc120d:mfc120d.dll
 0002:0000d8c0       ?IsFrameWnd@CFrameWnd@@UBEHXZ 0041e8c0 f   mfc120d:mfc120d.dll
 0002:0000d8c6       ?GetDefaultAccelerator@CFrameWnd@@UAEPAUHACCEL__@@XZ 0041e8c6 f   mfc120d:mfc120d.dll
 0002:0000d8cc       ?ExitHelpMode@CFrameWnd@@UAEXXZ 0041e8cc f   mfc120d:mfc120d.dll
 0002:0000d8d2       ?PostNcDestroy@CFrameWnd@@MAEXXZ 0041e8d2 f   mfc120d:mfc120d.dll
 0002:0000d8d8       ?OnShowMenuBar@CFrameWnd@@MAEXXZ 0041e8d8 f   mfc120d:mfc120d.dll
 0002:0000d8de       ?OnHideMenuBar@CFrameWnd@@MAEXXZ 0041e8de f   mfc120d:mfc120d.dll
 0002:0000d8e4       ??0CWaitCursor@@QAE@XZ     0041e8e4 f   mfc120d:mfc120d.dll
 0002:0000d8ea       ??1CWaitCursor@@QAE@XZ     0041e8ea f   mfc120d:mfc120d.dll
 0002:0000d8f0       ??0CMFCToolBarImages@@QAE@XZ 0041e8f0 f   mfc120d:mfc120d.dll
 0002:0000d8f6       ??1CMFCToolBarImages@@UAE@XZ 0041e8f6 f   mfc120d:mfc120d.dll
 0002:0000d8fc       ?Load@CMFCToolBarImages@@QAEHPBDK@Z 0041e8fc f   mfc120d:mfc120d.dll
 0002:0000d902       ?GetThisClass@CMFCVisualManager@@SGPAUCRuntimeClass@@XZ 0041e902 f   mfc120d:mfc120d.dll
 0002:0000d908       ?SetDefaultManager@CMFCVisualManager@@SGXPAUCRuntimeClass@@@Z 0041e908 f   mfc120d:mfc120d.dll
 0002:0000d90e       ??0CMFCToolBar@@QAE@XZ     0041e90e f   mfc120d:mfc120d.dll
 0002:0000d914       ?SetUserImages@CMFCToolBar@@SGHPAVCMFCToolBarImages@@@Z 0041e914 f   mfc120d:mfc120d.dll
 0002:0000d91a       ?SetBasicCommands@CMFCToolBar@@SGXAAV?$CList@II@@@Z 0041e91a f   mfc120d:mfc120d.dll
 0002:0000d920       ?EnableCustomizeButton@CMFCToolBar@@QAEXHHABV?$CStringT@DV?$StrTraitMFC_DLL@DV?$ChTraitsCRT@D@ATL@@@@@ATL@@H@Z 0041e920 f   mfc120d:mfc120d.dll
 0002:0000d926       ??1CMFCToolBar@@UAE@XZ     0041e926 f   mfc120d:mfc120d.dll
 0002:0000d92c       ??0CMFCStatusBar@@QAE@XZ   0041e92c f   mfc120d:mfc120d.dll
 0002:0000d932       ?Create@CMFCStatusBar@@QAEHPAVCWnd@@KI@Z 0041e932 f   mfc120d:mfc120d.dll
 0002:0000d938       ?SetIndicators@CMFCStatusBar@@QAEHPBIH@Z 0041e938 f   mfc120d:mfc120d.dll
 0002:0000d93e       ??1CMFCStatusBar@@UAE@XZ   0041e93e f   mfc120d:mfc120d.dll
 0002:0000d944       ??0CMFCMenuBar@@QAE@XZ     0041e944 f   mfc120d:mfc120d.dll
 0002:0000d94a       ??1CMFCMenuBar@@UAE@XZ     0041e94a f   mfc120d:mfc120d.dll
 0002:0000d950       ?SetDockingMode@CDockingManager@@SGXW4AFX_DOCK_TYPE@@W4AFX_SMARTDOCK_THEME@@@Z 0041e950 f   mfc120d:mfc120d.dll
 0002:0000d956       ?EnablePaneContextMenu@CDockingManager@@QAEXHIABV?$CStringT@DV?$StrTraitMFC_DLL@DV?$ChTraitsCRT@D@ATL@@@@@ATL@@H@Z 0041e956 f   mfc120d:mfc120d.dll
 0002:0000d95c       ?InitUserToolbars@CFrameImpl@@IAEXPBDII@Z 0041e95c f   mfc120d:mfc120d.dll
 0002:0000d962       ?GetUserToolBarByIndex@CFrameImpl@@IBEPAVCMFCToolBar@@H@Z 0041e962 f   mfc120d:mfc120d.dll
 0002:0000d968       ?AddDefaultButtonsToCustomizePane@CFrameImpl@@IAEXPAVCMFCPopupMenu@@I@Z 0041e968 f   mfc120d:mfc120d.dll
 0002:0000d96e       ?GetThisClass@CFrameWndEx@@SGPAUCRuntimeClass@@XZ 0041e96e f   mfc120d:mfc120d.dll
 0002:0000d974       ??0CFrameWndEx@@IAE@XZ     0041e974 f   mfc120d:mfc120d.dll
 0002:0000d97a       ?DockPane@CFrameWndEx@@QAEXPAVCBasePane@@IPBUtagRECT@@@Z 0041e97a f   mfc120d:mfc120d.dll
 0002:0000d980       ?AdjustDockingLayout@CFrameWndEx@@UAEXPAX@Z 0041e980 f   mfc120d:mfc120d.dll
 0002:0000d986       ?EnableDocking@CFrameWndEx@@QAEHK@Z 0041e986 f   mfc120d:mfc120d.dll
 0002:0000d98c       ?EnableAutoHidePanes@CFrameWndEx@@QAEHK@Z 0041e98c f   mfc120d:mfc120d.dll
 0002:0000d992       ?OnMoveMiniFrame@CFrameWndEx@@UAEHPAVCWnd@@@Z 0041e992 f   mfc120d:mfc120d.dll
 0002:0000d998       ?RecalcLayout@CFrameWndEx@@UAEXH@Z 0041e998 f   mfc120d:mfc120d.dll
 0002:0000d99e       ?PreTranslateMessage@CFrameWndEx@@UAEHPAUtagMSG@@@Z 0041e99e f   mfc120d:mfc120d.dll
 0002:0000d9a4       ?LoadFrame@CFrameWndEx@@UAEHIKPAVCWnd@@PAUCCreateContext@@@Z 0041e9a4 f   mfc120d:mfc120d.dll
 0002:0000d9aa       ?WinHelpA@CFrameWndEx@@UAEXKI@Z 0041e9aa f   mfc120d:mfc120d.dll
 0002:0000d9b0       ?OnSetPreviewMode@CFrameWndEx@@UAEXHPAUCPrintPreviewState@@@Z 0041e9b0 f   mfc120d:mfc120d.dll
 0002:0000d9b6       ?OnCmdMsg@CFrameWndEx@@UAEHIHPAXPAUAFX_CMDHANDLERINFO@@@Z 0041e9b6 f   mfc120d:mfc120d.dll
 0002:0000d9bc       ?OnCommand@CFrameWndEx@@MAEHIJ@Z 0041e9bc f   mfc120d:mfc120d.dll
 0002:0000d9c2       ?PreCreateWindow@CFrameWndEx@@MAEHAAUtagCREATESTRUCTA@@@Z 0041e9c2 f   mfc120d:mfc120d.dll
 0002:0000d9c8       ?HtmlHelpA@CFrameWndEx@@MAEXKI@Z 0041e9c8 f   mfc120d:mfc120d.dll
 0002:0000d9ce       ??1CFrameWndEx@@MAE@XZ     0041e9ce f   mfc120d:mfc120d.dll
 0002:0000d9d4       ?AdjustClientArea@CFrameWndEx@@MAEXXZ 0041e9d4 f   mfc120d:mfc120d.dll
 0002:0000d9da       ?GetInPlaceActiveItem@CFrameWndEx@@MAEPAVCOleClientItem@@XZ 0041e9da f   mfc120d:mfc120d.dll
 0002:0000d9e0       ?OnShowPopupMenu@CFrameWndEx@@UAEHPAVCMFCPopupMenu@@@Z 0041e9e0 f   mfc120d:mfc120d.dll
 0002:0000d9e6       ?OnClosePopupMenu@CFrameWndEx@@UAEXPAVCMFCPopupMenu@@@Z 0041e9e6 f   mfc120d:mfc120d.dll
 0002:0000d9ec       ?OnDrawMenuImage@CFrameWndEx@@UAEHPAVCDC@@PBVCMFCToolBarMenuButton@@ABVCRect@@@Z 0041e9ec f   mfc120d:mfc120d.dll
 0002:0000d9f2       ?OnUpdateFrameMenu@CFrameWndEx@@UAEXPAUHMENU__@@@Z 0041e9f2 f   mfc120d:mfc120d.dll
 0002:0000d9f8       ?OnShowPanes@CFrameWndEx@@UAEHH@Z 0041e9f8 f   mfc120d:mfc120d.dll
 0002:0000d9fe       ?NegotiateBorderSpace@CFrameWndEx@@UAEHIPAUtagRECT@@@Z 0041e9fe f   mfc120d:mfc120d.dll
 0002:0000da04       ?DelayUpdateFrameMenu@CFrameWndEx@@UAEXPAUHMENU__@@@Z 0041ea04 f   mfc120d:mfc120d.dll
 0002:0000da0a       ?OnUpdateFrameTitle@CFrameWndEx@@UAEXH@Z 0041ea0a f   mfc120d:mfc120d.dll
 0002:0000da10       ?OnCreate@CFrameWndEx@@QAEHPAUtagCREATESTRUCTA@@@Z 0041ea10 f   mfc120d:mfc120d.dll
 0002:0000da16       ?OnToolbarCreateNew@CFrameWndEx@@QAEJIJ@Z 0041ea16 f   mfc120d:mfc120d.dll
 0002:0000da1c       ??0CMFCToolBarsCustomizeDialog@@QAE@PAVCFrameWnd@@HIPAV?$CList@PAUCRuntimeClass@@PAU1@@@@Z 0041ea1c f   mfc120d:mfc120d.dll
 0002:0000da22       ?EnableUserDefinedToolbars@CMFCToolBarsCustomizeDialog@@QAEXH@Z 0041ea22 f   mfc120d:mfc120d.dll
 0002:0000da28       ?GetInt@CWinAppEx@@QAEHPBDH@Z 0041ea28 f   mfc120d:mfc120d.dll
 0002:0000da2e       ?WriteInt@CWinAppEx@@QAEHPBDH@Z 0041ea2e f   mfc120d:mfc120d.dll
 0002:0000da34       ?GetThisClass@CMFCVisualManagerOfficeXP@@SGPAUCRuntimeClass@@XZ 0041ea34 f   mfc120d:mfc120d.dll
 0002:0000da3a       ?GetThisClass@CMFCVisualManagerWindows@@SGPAUCRuntimeClass@@XZ 0041ea3a f   mfc120d:mfc120d.dll
 0002:0000da40       ?GetThisClass@CMFCVisualManagerOffice2003@@SGPAUCRuntimeClass@@XZ 0041ea40 f   mfc120d:mfc120d.dll
 0002:0000da46       ?GetThisClass@CMFCVisualManagerVS2005@@SGPAUCRuntimeClass@@XZ 0041ea46 f   mfc120d:mfc120d.dll
 0002:0000da4c       ?GetThisClass@CMFCVisualManagerVS2008@@SGPAUCRuntimeClass@@XZ 0041ea4c f   mfc120d:mfc120d.dll
 0002:0000da52       ?GetThisClass@CMFCVisualManagerOffice2007@@SGPAUCRuntimeClass@@XZ 0041ea52 f   mfc120d:mfc120d.dll
 0002:0000da58       ?SetStyle@CMFCVisualManagerOffice2007@@SGHW4Style@1@PBD@Z 0041ea58 f   mfc120d:mfc120d.dll
 0002:0000da5e       ?GetThisClass@CMFCVisualManagerWindows7@@SGPAUCRuntimeClass@@XZ 0041ea5e f   mfc120d:mfc120d.dll
 0002:0000da64       ?GetThisMessageMap@CDialogEx@@KGPBUAFX_MSGMAP@@XZ 0041ea64 f   mfc120d:mfc120d.dll
 0002:0000da6a       ?OnFileNew@CWinApp@@IAEXXZ 0041ea6a f   mfc120d:mfc120d.dll
 0002:0000da70       ?OnFileOpen@CWinApp@@IAEXXZ 0041ea70 f   mfc120d:mfc120d.dll
 0002:0000da76       ?OnFilePrintSetup@CWinApp@@IAEXXZ 0041ea76 f   mfc120d:mfc120d.dll
 0002:0000da7c       ?GetThisMessageMap@CWinApp@@KGPBUAFX_MSGMAP@@XZ 0041ea7c f   mfc120d:mfc120d.dll
 0002:0000da82       ??1CBrush@@UAE@XZ          0041ea82 f   mfc120d:mfc120d.dll
 0002:0000da88       ?OnCmdMsg@CCmdTarget@@UAEHIHPAXPAUAFX_CMDHANDLERINFO@@@Z 0041ea88 f   mfc120d:mfc120d.dll
 0002:0000da8e       ?OnFinalRelease@CCmdTarget@@UAEXXZ 0041ea8e f   mfc120d:mfc120d.dll
 0002:0000da94       ?GetInterfaceMap@CCmdTarget@@MBEPBUAFX_INTERFACEMAP@@XZ 0041ea94 f   mfc120d:mfc120d.dll
 0002:0000da9a       ?PreCreateWindow@CWnd@@UAEHAAUtagCREATESTRUCTA@@@Z 0041ea9a f   mfc120d:mfc120d.dll
 0002:0000daa0       ?GetMenu@CWnd@@UBEPAVCMenu@@XZ 0041eaa0 f   mfc120d:mfc120d.dll
 0002:0000daa6       ?SetMenu@CWnd@@UAEHPAVCMenu@@@Z 0041eaa6 f   mfc120d:mfc120d.dll
 0002:0000daac       ?UpdateWindow@CWnd@@QAEXXZ 0041eaac f   mfc120d:mfc120d.dll
 0002:0000dab2       ?ShowWindow@CWnd@@QAEHH@Z  0041eab2 f   mfc120d:mfc120d.dll
 0002:0000dab8       ?WinHelpA@CWnd@@UAEXKI@Z   0041eab8 f   mfc120d:mfc120d.dll
 0002:0000dabe       ?HtmlHelpA@CWnd@@UAEXKI@Z  0041eabe f   mfc120d:mfc120d.dll
 0002:0000dac4       ?BeginModalState@CWnd@@UAEXXZ 0041eac4 f   mfc120d:mfc120d.dll
 0002:0000daca       ?EndModalState@CWnd@@UAEXXZ 0041eaca f   mfc120d:mfc120d.dll
 0002:0000dad0       ?PostNcDestroy@CWnd@@MAEXXZ 0041ead0 f   mfc120d:mfc120d.dll
 0002:0000dad6       ?IsFrameWnd@CWnd@@UBEHXZ   0041ead6 f   mfc120d:mfc120d.dll
 0002:0000dadc       ?Create@CDialog@@UAEHPBDPAVCWnd@@@Z 0041eadc f   mfc120d:mfc120d.dll
 0002:0000dae2       ?Create@CDialog@@UAEHIPAVCWnd@@@Z 0041eae2 f   mfc120d:mfc120d.dll
 0002:0000dae8       ?CreateIndirect@CDialog@@UAEHPBUDLGTEMPLATE@@PAVCWnd@@PAX@Z 0041eae8 f   mfc120d:mfc120d.dll
 0002:0000daee       ?CreateIndirect@CDialog@@UAEHPAXPAVCWnd@@@Z 0041eaee f   mfc120d:mfc120d.dll
 0002:0000daf4       ?DoModal@CDialog@@UAEHXZ   0041eaf4 f   mfc120d:mfc120d.dll
 0002:0000dafa       ?OnInitDialog@CDialog@@UAEHXZ 0041eafa f   mfc120d:mfc120d.dll
 0002:0000db00       ?OnSetFont@CDialog@@UAEXPAVCFont@@@Z 0041eb00 f   mfc120d:mfc120d.dll
 0002:0000db06       ?OnOK@CDialog@@MAEXXZ      0041eb06 f   mfc120d:mfc120d.dll
 0002:0000db0c       ?OnCancel@CDialog@@MAEXXZ  0041eb0c f   mfc120d:mfc120d.dll
 0002:0000db12       ??1CDialog@@UAE@XZ         0041eb12 f   mfc120d:mfc120d.dll
 0002:0000db18       ?AssertValid@CDialog@@UBEXXZ 0041eb18 f   mfc120d:mfc120d.dll
 0002:0000db1e       ?Dump@CDialog@@UBEXAAVCDumpContext@@@Z 0041eb1e f   mfc120d:mfc120d.dll
 0002:0000db24       ?OnCmdMsg@CDialog@@UAEHIHPAXPAUAFX_CMDHANDLERINFO@@@Z 0041eb24 f   mfc120d:mfc120d.dll
 0002:0000db2a       ?CheckAutoCenter@CDialog@@UAEHXZ 0041eb2a f   mfc120d:mfc120d.dll
 0002:0000db30       ?SetOccDialogInfo@CDialog@@MAEHPAU_AFX_OCC_DIALOG_INFO@@@Z 0041eb30 f   mfc120d:mfc120d.dll
 0002:0000db36       ?GetOccDialogInfo@CDialog@@MAEPAU_AFX_OCC_DIALOG_INFO@@XZ 0041eb36 f   mfc120d:mfc120d.dll
 0002:0000db3c       ?PreInitDialog@CDialog@@MAEXXZ 0041eb3c f   mfc120d:mfc120d.dll
 0002:0000db42       ?PreTranslateMessage@CWinThread@@UAEHPAUtagMSG@@@Z 0041eb42 f   mfc120d:mfc120d.dll
 0002:0000db48       ?PumpMessage@CWinThread@@UAEHXZ 0041eb48 f   mfc120d:mfc120d.dll
 0002:0000db4e       ?IsIdleMessage@CWinThread@@UAEHPAUtagMSG@@@Z 0041eb4e f   mfc120d:mfc120d.dll
 0002:0000db54       ?ProcessMessageFilter@CWinThread@@UAEHHPAUtagMSG@@@Z 0041eb54 f   mfc120d:mfc120d.dll
 0002:0000db5a       ?GetMainWnd@CWinThread@@UAEPAVCWnd@@XZ 0041eb5a f   mfc120d:mfc120d.dll
 0002:0000db60       ?Delete@CWinThread@@UAEXXZ 0041eb60 f   mfc120d:mfc120d.dll
 0002:0000db66       ??0CCommandLineInfo@@QAE@XZ 0041eb66 f   mfc120d:mfc120d.dll
 0002:0000db6c       ??1CCommandLineInfo@@UAE@XZ 0041eb6c f   mfc120d:mfc120d.dll
 0002:0000db72       ?LoadStdProfileSettings@CWinApp@@IAEXI@Z 0041eb72 f   mfc120d:mfc120d.dll
 0002:0000db78       ?SetRegistryKey@CWinApp@@IAEXPBD@Z 0041eb78 f   mfc120d:mfc120d.dll
 0002:0000db7e       ?SetAppID@CWinApp@@IAEXPBD@Z 0041eb7e f   mfc120d:mfc120d.dll
 0002:0000db84       ?GetProfileIntA@CWinApp@@UAEIPBD0H@Z 0041eb84 f   mfc120d:mfc120d.dll
 0002:0000db8a       ?WriteProfileInt@CWinApp@@UAEHPBD0H@Z 0041eb8a f   mfc120d:mfc120d.dll
 0002:0000db90       ?GetProfileStringA@CWinApp@@UAE?AV?$CStringT@DV?$StrTraitMFC_DLL@DV?$ChTraitsCRT@D@ATL@@@@@ATL@@PBD00@Z 0041eb90 f   mfc120d:mfc120d.dll
 0002:0000db96       ?WriteProfileStringA@CWinApp@@UAEHPBD00@Z 0041eb96 f   mfc120d:mfc120d.dll
 0002:0000db9c       ?GetProfileBinary@CWinApp@@UAEHPBD0PAPAEPAI@Z 0041eb9c f   mfc120d:mfc120d.dll
 0002:0000dba2       ?WriteProfileBinary@CWinApp@@UAEHPBD0PAEI@Z 0041eba2 f   mfc120d:mfc120d.dll
 0002:0000dba8       ?InitLibId@CWinApp@@UAEXXZ 0041eba8 f   mfc120d:mfc120d.dll
 0002:0000dbae       ?Register@CWinApp@@UAEHXZ  0041ebae f   mfc120d:mfc120d.dll
 0002:0000dbb4       ?Unregister@CWinApp@@UAEHXZ 0041ebb4 f   mfc120d:mfc120d.dll
 0002:0000dbba       ?AddDocTemplate@CWinApp@@QAEXPAVCDocTemplate@@@Z 0041ebba f   mfc120d:mfc120d.dll
 0002:0000dbc0       ?OpenDocumentFile@CWinApp@@UAEPAVCDocument@@PBD@Z 0041ebc0 f   mfc120d:mfc120d.dll
 0002:0000dbc6       ?OpenDocumentFile@CWinApp@@UAEPAVCDocument@@PBDH@Z 0041ebc6 f   mfc120d:mfc120d.dll
 0002:0000dbcc       ?AddToRecentFileList@CWinApp@@UAEXPBD@Z 0041ebcc f   mfc120d:mfc120d.dll
 0002:0000dbd2       ?ParseCommandLine@CWinApp@@QAEXAAVCCommandLineInfo@@@Z 0041ebd2 f   mfc120d:mfc120d.dll
 0002:0000dbd8       ?ProcessShellCommand@CWinApp@@QAEHAAVCCommandLineInfo@@@Z 0041ebd8 f   mfc120d:mfc120d.dll
 0002:0000dbde       ?InitApplication@CWinApp@@UAEHXZ 0041ebde f   mfc120d:mfc120d.dll
 0002:0000dbe4       ?SaveAllModified@CWinApp@@UAEHXZ 0041ebe4 f   mfc120d:mfc120d.dll
 0002:0000dbea       ?DoMessageBox@CWinApp@@UAEHPBDII@Z 0041ebea f   mfc120d:mfc120d.dll
 0002:0000dbf0       ?DoWaitCursor@CWinApp@@UAEXH@Z 0041ebf0 f   mfc120d:mfc120d.dll
 0002:0000dbf6       ?OnDDECommand@CWinApp@@UAEHPAD@Z 0041ebf6 f   mfc120d:mfc120d.dll
 0002:0000dbfc       ?WinHelpA@CWinApp@@UAEXKI@Z 0041ebfc f   mfc120d:mfc120d.dll
 0002:0000dc02       ?HtmlHelpA@CWinApp@@UAEXKI@Z 0041ec02 f   mfc120d:mfc120d.dll
 0002:0000dc08       ?WinHelpInternal@CWinApp@@UAEXKI@Z 0041ec08 f   mfc120d:mfc120d.dll
 0002:0000dc0e       ?RegisterWithRestartManager@CWinApp@@UAEJHABV?$CStringT@DV?$StrTraitMFC_DLL@DV?$ChTraitsCRT@D@ATL@@@@@ATL@@@Z 0041ec0e f   mfc120d:mfc120d.dll
 0002:0000dc14       ?RegisterWithRestartManager@CWinApp@@UAEJPB_WKP6GKPAX@Z1KK@Z 0041ec14 f   mfc120d:mfc120d.dll
 0002:0000dc1a       ?ApplicationRecoveryCallback@CWinApp@@UAEKPAX@Z 0041ec1a f   mfc120d:mfc120d.dll
 0002:0000dc20       ?GetDataRecoveryHandler@CWinApp@@UAEPAVCDataRecoveryHandler@@XZ 0041ec20 f   mfc120d:mfc120d.dll
 0002:0000dc26       ?IsTaskbarInteractionEnabled@CWinApp@@UAEHXZ 0041ec26 f   mfc120d:mfc120d.dll
 0002:0000dc2c       ?EnableTaskbarInteraction@CWinApp@@QAEHH@Z 0041ec2c f   mfc120d:mfc120d.dll
 0002:0000dc32       ?InitInstance@CWinApp@@UAEHXZ 0041ec32 f   mfc120d:mfc120d.dll
 0002:0000dc38       ?RestartInstance@CWinApp@@UAEHXZ 0041ec38 f   mfc120d:mfc120d.dll
 0002:0000dc3e       ?Run@CWinApp@@UAEHXZ       0041ec3e f   mfc120d:mfc120d.dll
 0002:0000dc44       ?OnIdle@CWinApp@@UAEHJ@Z   0041ec44 f   mfc120d:mfc120d.dll
 0002:0000dc4a       ?ProcessWndProcException@CWinApp@@UAEJPAVCException@@PBUtagMSG@@@Z 0041ec4a f   mfc120d:mfc120d.dll
 0002:0000dc50       ?LoadAppLangResourceDLL@CWinApp@@UAEPAUHINSTANCE__@@XZ 0041ec50 f   mfc120d:mfc120d.dll
 0002:0000dc56       ?AssertValid@CWinApp@@UBEXXZ 0041ec56 f   mfc120d:mfc120d.dll
 0002:0000dc5c       ?Dump@CWinApp@@UBEXAAVCDumpContext@@@Z 0041ec5c f   mfc120d:mfc120d.dll
 0002:0000dc62       ?LoadSysPolicies@CWinApp@@UAEHXZ 0041ec62 f   mfc120d:mfc120d.dll
 0002:0000dc68       ??0CSingleDocTemplate@@QAE@IPAUCRuntimeClass@@00@Z 0041ec68 f   mfc120d:mfc120d.dll
 0002:0000dc6e       ?AfxMessageBox@@YGHIII@Z   0041ec6e f   mfc120d:mfc120d.dll
 0002:0000dc74       ?AfxOleInit@@YGHXZ         0041ec74 f   mfc120d:mfc120d.dll
 0002:0000dc7a       ?AfxOleTerm@@YGXH@Z        0041ec7a f   mfc120d:mfc120d.dll
 0002:0000dc80       ?AfxEnableControlContainer@@YAXPAVCOccManager@@@Z 0041ec80 f   mfc120d:mfc120d.dll
 0002:0000dc86       ??1CDialogImpl@@MAE@XZ     0041ec86 f   mfc120d:mfc120d.dll
 0002:0000dc8c       ?GetRuntimeClass@CDialogEx@@UBEPAUCRuntimeClass@@XZ 0041ec8c f   mfc120d:mfc120d.dll
 0002:0000dc92       ??0CDialogEx@@QAE@IPAVCWnd@@@Z 0041ec92 f   mfc120d:mfc120d.dll
 0002:0000dc98       ?PreTranslateMessage@CDialogEx@@UAEHPAUtagMSG@@@Z 0041ec98 f   mfc120d:mfc120d.dll
 0002:0000dc9e       ?OnCommand@CDialogEx@@MAEHIJ@Z 0041ec9e f   mfc120d:mfc120d.dll
 0002:0000dca4       ?AddMenu@CContextMenuManager@@QAEHPBDI@Z 0041eca4 f   mfc120d:mfc120d.dll
 0002:0000dcaa       ?GetRuntimeClass@CWinAppEx@@UBEPAUCRuntimeClass@@XZ 0041ecaa f   mfc120d:mfc120d.dll
 0002:0000dcb0       ??0CWinAppEx@@QAE@H@Z      0041ecb0 f   mfc120d:mfc120d.dll
 0002:0000dcb6       ??1CWinAppEx@@UAE@XZ       0041ecb6 f   mfc120d:mfc120d.dll
 0002:0000dcbc       ?ExitInstance@CWinAppEx@@UAEHXZ 0041ecbc f   mfc120d:mfc120d.dll
 0002:0000dcc2       ?InitContextMenuManager@CWinAppEx@@QAEHXZ 0041ecc2 f   mfc120d:mfc120d.dll
 0002:0000dcc8       ?InitKeyboardManager@CWinAppEx@@QAEHXZ 0041ecc8 f   mfc120d:mfc120d.dll
 0002:0000dcce       ?InitTooltipManager@CWinAppEx@@QAEHXZ 0041ecce f   mfc120d:mfc120d.dll
 0002:0000dcd4       ?GetContextMenuManager@CWinAppEx@@QAEPAVCContextMenuManager@@XZ 0041ecd4 f   mfc120d:mfc120d.dll
 0002:0000dcda       ?GetTooltipManager@CWinAppEx@@QAEPAVCTooltipManager@@XZ 0041ecda f   mfc120d:mfc120d.dll
 0002:0000dce0       ?LoadState@CWinAppEx@@UAEHPBDPAVCFrameImpl@@@Z 0041ece0 f   mfc120d:mfc120d.dll
 0002:0000dce6       ?CleanState@CWinAppEx@@UAEHPBD@Z 0041ece6 f   mfc120d:mfc120d.dll
 0002:0000dcec       ?SaveState@CWinAppEx@@UAEHPBDPAVCFrameImpl@@@Z 0041ecec f   mfc120d:mfc120d.dll
 0002:0000dcf2       ?OnViewDoubleClick@CWinAppEx@@UAEHPAVCWnd@@H@Z 0041ecf2 f   mfc120d:mfc120d.dll
 0002:0000dcf8       ?ShowPopupMenu@CWinAppEx@@UAEHIABVCPoint@@PAVCWnd@@@Z 0041ecf8 f   mfc120d:mfc120d.dll
 0002:0000dcfe       ?OnAppContextHelp@CWinAppEx@@UAEXPAVCWnd@@QBK@Z 0041ecfe f   mfc120d:mfc120d.dll
 0002:0000dd04       ?OnClosingMainFrame@CWinAppEx@@MAEXPAVCFrameImpl@@@Z 0041ed04 f   mfc120d:mfc120d.dll
 0002:0000dd0a       ?LoadWindowPlacement@CWinAppEx@@MAEHAAVCRect@@AAH1@Z 0041ed0a f   mfc120d:mfc120d.dll
 0002:0000dd10       ?StoreWindowPlacement@CWinAppEx@@MAEHABVCRect@@HH@Z 0041ed10 f   mfc120d:mfc120d.dll
 0002:0000dd16       ?ReloadWindowPlacement@CWinAppEx@@MAEHPAVCFrameWnd@@@Z 0041ed16 f   mfc120d:mfc120d.dll
 0002:0000dd1c       ?GetThisClass@CMFCToolTipCtrl@@SGPAUCRuntimeClass@@XZ 0041ed1c f   mfc120d:mfc120d.dll
 0002:0000dd22       ?SetTooltipParams@CTooltipManager@@QAEXIPAUCRuntimeClass@@PAVCMFCToolTipInfo@@@Z 0041ed22 f   mfc120d:mfc120d.dll
 0002:0000dd28       ?GetThisMessageMap@CDocument@@KGPBUAFX_MSGMAP@@XZ 0041ed28 f   mfc120d:mfc120d.dll
 0002:0000dd2e       ??2@YAPAXI@Z               0041ed2e f   mfc120d:mfc120d.dll
 0002:0000dd34       ?Delete@CException@@QAEXXZ 0041ed34 f   mfc120d:mfc120d.dll
 0002:0000dd3a       ?GetThisClass@CDocument@@SGPAUCRuntimeClass@@XZ 0041ed3a f   mfc120d:mfc120d.dll
 0002:0000dd40       ??0CDocument@@QAE@XZ       0041ed40 f   mfc120d:mfc120d.dll
 0002:0000dd46       ?SetTitle@CDocument@@UAEXPBD@Z 0041ed46 f   mfc120d:mfc120d.dll
 0002:0000dd4c       ?SetPathName@CDocument@@UAEXPBDH@Z 0041ed4c f   mfc120d:mfc120d.dll
 0002:0000dd52       ?ClearPathName@CDocument@@UAEXXZ 0041ed52 f   mfc120d:mfc120d.dll
 0002:0000dd58       ?IsModified@CDocument@@UAEHXZ 0041ed58 f   mfc120d:mfc120d.dll
 0002:0000dd5e       ?SetModifiedFlag@CDocument@@UAEXH@Z 0041ed5e f   mfc120d:mfc120d.dll
 0002:0000dd64       ?GetFirstViewPosition@CDocument@@UBEPAU__POSITION@@XZ 0041ed64 f   mfc120d:mfc120d.dll
 0002:0000dd6a       ?GetNextView@CDocument@@UBEPAVCView@@AAPAU__POSITION@@@Z 0041ed6a f   mfc120d:mfc120d.dll
 0002:0000dd70       ?OnChangedViewList@CDocument@@UAEXXZ 0041ed70 f   mfc120d:mfc120d.dll
 0002:0000dd76       ?DeleteContents@CDocument@@UAEXXZ 0041ed76 f   mfc120d:mfc120d.dll
 0002:0000dd7c       ?OnNewDocument@CDocument@@UAEHXZ 0041ed7c f   mfc120d:mfc120d.dll
 0002:0000dd82       ?OnOpenDocument@CDocument@@UAEHPBD@Z 0041ed82 f   mfc120d:mfc120d.dll
 0002:0000dd88       ?OnSaveDocument@CDocument@@UAEHPBD@Z 0041ed88 f   mfc120d:mfc120d.dll
 0002:0000dd8e       ?OnCloseDocument@CDocument@@UAEXXZ 0041ed8e f   mfc120d:mfc120d.dll
 0002:0000dd94       ?ReportSaveLoadException@CDocument@@UAEXPBDPAVCException@@HI@Z 0041ed94 f   mfc120d:mfc120d.dll
 0002:0000dd9a       ?GetFile@CDocument@@UAEPAVCFile@@PBDIPAVCFileException@@@Z 0041ed9a f   mfc120d:mfc120d.dll
 0002:0000dda0       ?ReleaseFile@CDocument@@UAEXPAVCFile@@H@Z 0041eda0 f   mfc120d:mfc120d.dll
 0002:0000dda6       ?OnRichPreviewUnload@CDocument@@UAEXXZ 0041eda6 f   mfc120d:mfc120d.dll
 0002:0000ddac       ?LoadDocumentFromStream@CDocument@@UAEJPAUIStream@@K@Z 0041edac f   mfc120d:mfc120d.dll
 0002:0000ddb2       ?GetThumbnail@CDocument@@UAEHIPAPAUHBITMAP__@@PAW4WTS_ALPHATYPE@@@Z 0041edb2 f   mfc120d:mfc120d.dll
 0002:0000ddb8       ?ClearChunkList@CDocument@@UAEXXZ 0041edb8 f   mfc120d:mfc120d.dll
 0002:0000ddbe       ?SetChunkValue@CDocument@@UAEHPAUIFilterChunkValue@ATL@@@Z 0041edbe f   mfc120d:mfc120d.dll
 0002:0000ddc4       ?BeginReadChunks@CDocument@@UAEXXZ 0041edc4 f   mfc120d:mfc120d.dll
 0002:0000ddca       ?ReadNextChunkValue@CDocument@@UAEHPAPAUIFilterChunkValue@ATL@@@Z 0041edca f   mfc120d:mfc120d.dll
 0002:0000ddd0       ?RemoveChunk@CDocument@@UAEXABU_GUID@@K@Z 0041edd0 f   mfc120d:mfc120d.dll
 0002:0000ddd6       ?FindChunk@CDocument@@UAEPAU__POSITION@@ABU_GUID@@K@Z 0041edd6 f   mfc120d:mfc120d.dll
 0002:0000dddc       ?OnDocumentEvent@CDocument@@UAEXW4DocumentEvent@1@@Z 0041eddc f   mfc120d:mfc120d.dll
 0002:0000dde2       ?CanCloseFrame@CDocument@@UAEHPAVCFrameWnd@@@Z 0041ede2 f   mfc120d:mfc120d.dll
 0002:0000dde8       ?SaveModified@CDocument@@UAEHXZ 0041ede8 f   mfc120d:mfc120d.dll
 0002:0000ddee       ?PreCloseFrame@CDocument@@UAEXPAVCFrameWnd@@@Z 0041edee f   mfc120d:mfc120d.dll
 0002:0000ddf4       ?Dump@CDocument@@UBEXAAVCDumpContext@@@Z 0041edf4 f   mfc120d:mfc120d.dll
 0002:0000ddfa       ?AssertValid@CDocument@@UBEXXZ 0041edfa f   mfc120d:mfc120d.dll
 0002:0000de00       ??1CDocument@@UAE@XZ       0041ee00 f   mfc120d:mfc120d.dll
 0002:0000de06       ?DoSave@CDocument@@UAEHPBDH@Z 0041ee06 f   mfc120d:mfc120d.dll
 0002:0000de0c       ?DoFileSave@CDocument@@UAEHXZ 0041ee0c f   mfc120d:mfc120d.dll
 0002:0000de12       ?UpdateFrameCounts@CDocument@@UAEXXZ 0041ee12 f   mfc120d:mfc120d.dll
 0002:0000de18       ?GetDefaultMenu@CDocument@@UAEPAUHMENU__@@XZ 0041ee18 f   mfc120d:mfc120d.dll
 0002:0000de1e       ?GetDefaultAccelerator@CDocument@@UAEPAUHACCEL__@@XZ 0041ee1e f   mfc120d:mfc120d.dll
 0002:0000de24       ?OnIdle@CDocument@@UAEXXZ  0041ee24 f   mfc120d:mfc120d.dll
 0002:0000de2a       ?OnFinalRelease@CDocument@@UAEXXZ 0041ee2a f   mfc120d:mfc120d.dll
 0002:0000de30       ?OnLoadDocumentFromStream@CDocument@@UAEJPAUIStream@@K@Z 0041ee30 f   mfc120d:mfc120d.dll
 0002:0000de36       ?OnPreviewHandlerQueryFocus@CDocument@@UAEJPAPAUHWND__@@@Z 0041ee36 f   mfc120d:mfc120d.dll
 0002:0000de3c       ?OnPreviewHandlerTranslateAccelerator@CDocument@@UAEJPAUtagMSG@@@Z 0041ee3c f   mfc120d:mfc120d.dll
 0002:0000de42       ?OnCreatePreviewFrame@CDocument@@UAEHXZ 0041ee42 f   mfc120d:mfc120d.dll
 0002:0000de48       ?OnUnloadHandler@CDocument@@UAEXXZ 0041ee48 f   mfc120d:mfc120d.dll
 0002:0000de4e       ?OnDrawThumbnail@CDocument@@UAEXAAVCDC@@PAUtagRECT@@@Z 0041ee4e f   mfc120d:mfc120d.dll
 0002:0000de54       ?OnCmdMsg@CDocument@@UAEHIHPAXPAUAFX_CMDHANDLERINFO@@@Z 0041ee54 f   mfc120d:mfc120d.dll
 0002:0000de5a       ?GetInterfaceMap@CDocument@@MBEPBUAFX_INTERFACEMAP@@XZ 0041ee5a f   mfc120d:mfc120d.dll
 0002:0000de60       ?OnFilePrint@CView@@IAEXXZ 0041ee60 f   mfc120d:mfc120d.dll
 0002:0000de66       ?GetThisMessageMap@CView@@KGPBUAFX_MSGMAP@@XZ 0041ee66 f   mfc120d:mfc120d.dll
 0002:0000de6c       ?IsKindOf@CObject@@QBEHPBUCRuntimeClass@@@Z 0041ee6c f   mfc120d:mfc120d.dll
 0002:0000de72       ??BCMenu@@QBEPAUHMENU__@@XZ 0041ee72 f   mfc120d:mfc120d.dll
 0002:0000de78       ?TrackPopupMenu@CMenu@@QAEHIHHPAVCWnd@@PBUtagRECT@@@Z 0041ee78 f   mfc120d:mfc120d.dll
 0002:0000de7e       ?CheckMenuItem@CMenu@@QAEIII@Z 0041ee7e f   mfc120d:mfc120d.dll
 0002:0000de84       ?GetSubMenu@CMenu@@QBEPAV1@H@Z 0041ee84 f   mfc120d:mfc120d.dll
 0002:0000de8a       ?ClientToScreen@CWnd@@QBEXPAUtagPOINT@@@Z 0041ee8a f   mfc120d:mfc120d.dll
 0002:0000de90       ?OnCommand@CWnd@@MAEHIJ@Z  0041ee90 f   mfc120d:mfc120d.dll
 0002:0000de96       ?PreTranslateMessage@CWnd@@UAEHPAUtagMSG@@@Z 0041ee96 f   mfc120d:mfc120d.dll
 0002:0000de9c       ?GetThisClass@CView@@SGPAUCRuntimeClass@@XZ 0041ee9c f   mfc120d:mfc120d.dll
 0002:0000dea2       ??0CView@@IAE@XZ           0041eea2 f   mfc120d:mfc120d.dll
 0002:0000dea8       ?DoPreparePrinting@CView@@QAEHPAUCPrintInfo@@@Z 0041eea8 f   mfc120d:mfc120d.dll
 0002:0000deae       ?IsSelected@CView@@UBEHPBVCObject@@@Z 0041eeae f   mfc120d:mfc120d.dll
 0002:0000deb4       ?OnScroll@CView@@UAEHIIH@Z 0041eeb4 f   mfc120d:mfc120d.dll
 0002:0000deba       ?OnScrollBy@CView@@UAEHVCSize@@H@Z 0041eeba f   mfc120d:mfc120d.dll
 0002:0000dec0       ?OnDragEnter@CView@@UAEKPAVCOleDataObject@@KVCPoint@@@Z 0041eec0 f   mfc120d:mfc120d.dll
 0002:0000dec6       ?OnDragOver@CView@@UAEKPAVCOleDataObject@@KVCPoint@@@Z 0041eec6 f   mfc120d:mfc120d.dll
 0002:0000decc       ?OnDragLeave@CView@@UAEXXZ 0041eecc f   mfc120d:mfc120d.dll
 0002:0000ded2       ?OnDrop@CView@@UAEHPAVCOleDataObject@@KVCPoint@@@Z 0041eed2 f   mfc120d:mfc120d.dll
 0002:0000ded8       ?OnDropEx@CView@@UAEKPAVCOleDataObject@@KKVCPoint@@@Z 0041eed8 f   mfc120d:mfc120d.dll
 0002:0000dede       ?OnDragScroll@CView@@UAEKKVCPoint@@@Z 0041eede f   mfc120d:mfc120d.dll
 0002:0000dee4       ?OnPrepareDC@CView@@UAEXPAVCDC@@PAUCPrintInfo@@@Z 0041eee4 f   mfc120d:mfc120d.dll
 0002:0000deea       ?OnInitialUpdate@CView@@UAEXXZ 0041eeea f   mfc120d:mfc120d.dll
 0002:0000def0       ?OnActivateView@CView@@MAEXHPAV1@0@Z 0041eef0 f   mfc120d:mfc120d.dll
 0002:0000def6       ?OnActivateFrame@CView@@MAEXIPAVCFrameWnd@@@Z 0041eef6 f   mfc120d:mfc120d.dll
 0002:0000defc       ?OnUpdate@CView@@MAEXPAV1@JPAVCObject@@@Z 0041eefc f   mfc120d:mfc120d.dll
 0002:0000df02       ?OnPrint@CView@@MAEXPAVCDC@@PAUCPrintInfo@@@Z 0041ef02 f   mfc120d:mfc120d.dll
 0002:0000df08       ?OnEndPrintPreview@CView@@MAEXPAVCDC@@PAUCPrintInfo@@UtagPOINT@@PAVCPreviewView@@@Z 0041ef08 f   mfc120d:mfc120d.dll
 0002:0000df0e       ??1CView@@UAE@XZ           0041ef0e f   mfc120d:mfc120d.dll
 0002:0000df14       ?Dump@CView@@UBEXAAVCDumpContext@@@Z 0041ef14 f   mfc120d:mfc120d.dll
 0002:0000df1a       ?AssertValid@CView@@UBEXXZ 0041ef1a f   mfc120d:mfc120d.dll
 0002:0000df20       ?CalcWindowRect@CView@@UAEXPAUtagRECT@@I@Z 0041ef20 f   mfc120d:mfc120d.dll
 0002:0000df26       ?GetScrollBarCtrl@CView@@UBEPAVCScrollBar@@H@Z 0041ef26 f   mfc120d:mfc120d.dll
 0002:0000df2c       ?OnCmdMsg@CView@@UAEHIHPAXPAUAFX_CMDHANDLERINFO@@@Z 0041ef2c f   mfc120d:mfc120d.dll
 0002:0000df32       ?PreCreateWindow@CView@@MAEHAAUtagCREATESTRUCTA@@@Z 0041ef32 f   mfc120d:mfc120d.dll
 0002:0000df38       ?PostNcDestroy@CView@@MAEXXZ 0041ef38 f   mfc120d:mfc120d.dll
 0002:0000df3e       ?AFXPrintPreview@@YAXPAVCView@@@Z 0041ef3e f   mfc120d:mfc120d.dll
 0002:0000df50       ??1CComBSTR@ATL@@QAE@XZ    0041ef50 f i mfcs120d:nolib.obj
 0002:0000df90       ??1stringdispid@CComTypeInfoHolder@ATL@@QAE@XZ 0041ef90 f i mfcs120d:nolib.obj
 0002:0000dfc0       ??_Estringdispid@CComTypeInfoHolder@ATL@@QAEPAXI@Z 0041efc0 f i mfcs120d:nolib.obj
 0002:0000e060       _IsolationAwareActivateActCtx@8 0041f060 f i mfcs120d:nolib.obj
 0002:0000e100       _IsolationAwareCreateActCtxW@4 0041f100 f i mfcs120d:nolib.obj
 0002:0000e190       _IsolationAwareDeactivateActCtx@8 0041f190 f i mfcs120d:nolib.obj
 0002:0000e230       _IsolationAwareFindActCtxSectionStringW@20 0041f230 f i mfcs120d:nolib.obj
 0002:0000e2e0       _IsolationAwarePrivatenPgViNgRzlnPgpgk@4 0041f2e0 f i mfcs120d:nolib.obj
 0002:0000e3f0       _IsolationAwarePrivatezltRgCebPnQQeRff@12 0041f3f0 f i mfcs120d:nolib.obj
 0002:0000e4a0       _IsolationAwarePrivatezltRgzbQhYRuNaQYRJ@4 0041f4a0 f i mfcs120d:nolib.obj
 0002:0000e4d0       _IsolationAwarePrivatezltRgzbQhYRuNaQYRn@4 0041f4d0 f i mfcs120d:nolib.obj
 0002:0000e500       _IsolationAwareQueryActCtxW@28 0041f500 f i mfcs120d:nolib.obj
 0002:0000e5b0       _IsolationAwareUnregisterClassA@8 0041f5b0 f i mfcs120d:nolib.obj
 0002:0000e7b0       _WinbaseIsolationAwarePrivatetRgCebPnQQeRff_xReaRYQP_QYY@4 0041f7b0 f i mfcs120d:nolib.obj
 0002:0000e7e0       _WinbaseIsolationAwarePrivatetRgzlnPgpgk@0 0041f7e0 f i mfcs120d:nolib.obj
 0002:0000ec00       _wcscpy_s                  0041fc00 f   msvcrtd:MSVCR120D.dll
 0002:0000ec06       __vsnprintf_s              0041fc06 f   msvcrtd:MSVCR120D.dll
 0002:0000ec0c       _swprintf_s                0041fc0c f   msvcrtd:MSVCR120D.dll
 0002:0000ec12       __CrtDbgReportW            0041fc12 f   msvcrtd:MSVCR120D.dll
 0002:0000ec20       @_RTC_AllocaHelper@12      0041fc20 f   msvcrtd:stack.obj
 0002:0000ec60       @_RTC_CheckStackVars2@12   0041fc60 f   msvcrtd:stack.obj
 0002:0000ed70       @_RTC_CheckStackVars@8     0041fd70 f   msvcrtd:stack.obj
 0002:0000ede0       __RTC_CheckEsp             0041fde0 f   msvcrtd:stack.obj
 0002:0000ee10       @__security_check_cookie@4 0041fe10 f   msvcrtd:secchk.obj
 0002:0000ee30       __RTC_InitBase             0041fe30 f   msvcrtd:init.obj
 0002:0000ee70       __RTC_Shutdown             0041fe70 f   msvcrtd:init.obj
 0002:0000ee88       ___CxxFrameHandler3        0041fe88 f   msvcrtd:MSVCR120D.dll
 0002:0000ee8e       _memset                    0041fe8e f   msvcrtd:MSVCR120D.dll
 0002:0000eea0       ??0type_info@@AAE@ABV0@@Z  0041fea0 f   msvcrtd:ti_inst.obj
 0002:0000eec0       ??4type_info@@AAEAAV0@ABV0@@Z 0041fec0 f   msvcrtd:ti_inst.obj
 0002:0000eee0       ??_Etype_info@@UAEPAXI@Z   0041fee0 f i msvcrtd:ti_inst.obj
 0002:0000ef70       ___atonexitinit            0041ff70 f   msvcrtd:atonexit.obj
 0002:0000f050       __onexit                   00420050 f   msvcrtd:atonexit.obj
 0002:0000f190       _atexit                    00420190 f   msvcrtd:atonexit.obj
 0002:0000f1c6       _free                      004201c6 f   msvcrtd:MSVCR120D.dll
 0002:0000f1cc       __purecall                 004201cc f   msvcrtd:MSVCR120D.dll
 0002:0000f300       _NtCurrentTeb              00420300 f i msvcrtd:crtexew.obj
 0002:0000f310       _WinMainCRTStartup         00420310 f   msvcrtd:crtexew.obj
 0002:0000f780       ??_M@YGXPAXIHP6EX0@Z@Z     00420780 f   msvcrtd:ehvecdtr.obj
 0002:0000f8a0       ?__ArrayUnwind@@YGXPAXIHP6EX0@Z@Z 004208a0 f   msvcrtd:ehvecdtr.obj
 0002:0000f94c       ??_V@YAXPAX@Z              0042094c f   msvcrtd:MSVCR120D.dll
 0002:0000f960       __except_handler4          00420960 f   msvcrtd:chandler4gs.obj
 0002:0000fb30       ?_RTC_AllocaFailure@@YAXPAXPAU_RTC_ALLOCA_NODE@@H@Z 00420b30 f   msvcrtd:error.obj
 0002:0000fd10       ?_RTC_Failure@@YAXPAXH@Z   00420d10 f   msvcrtd:error.obj
 0002:0000fd80       ?_RTC_StackFailure@@YAXPAXPBD@Z 00420d80 f   msvcrtd:error.obj
 0002:000101e0       __RTC_UninitUse            004211e0 f   msvcrtd:error.obj
 0002:00010310       ___raise_securityfailure   00421310 f   msvcrtd:gs_report.obj
 0002:00010370       ___report_gsfailure        00421370 f   msvcrtd:gs_report.obj
 0002:000104c0       ___report_rangecheckfailure 004214c0 f   msvcrtd:gs_report.obj
 0002:000104d0       ___report_securityfailure  004214d0 f   msvcrtd:gs_report.obj
 0002:000105e0       ___report_securityfailureEx 004215e0 f   msvcrtd:gs_report.obj
 0002:00010750       ?_RTC_GetErrorFunc@@YAP6AHHPBDH00ZZPBX@Z 00421750 f   msvcrtd:userapi.obj
 0002:00010760       ?_RTC_GetErrorFuncW@@YAP6AHHPB_WH00ZZPBX@Z 00421760 f   msvcrtd:userapi.obj
 0002:00010770       __RTC_GetErrDesc           00421770 f   msvcrtd:userapi.obj
 0002:00010790       __RTC_NumErrors            00421790 f   msvcrtd:userapi.obj
 0002:000107a0       __RTC_SetErrorFunc         004217a0 f   msvcrtd:userapi.obj
 0002:000107d0       __RTC_SetErrorFuncW        004217d0 f   msvcrtd:userapi.obj
 0002:00010800       __RTC_SetErrorType         00421800 f   msvcrtd:userapi.obj
 0002:0001082c       __CRT_RTC_INITW            0042182c f   msvcrtd:MSVCR120D.dll
 0002:00010832       ??1type_info@@UAE@XZ       00421832 f   msvcrtd:MSVCR120D.dll
 0002:00010838       __lock                     00421838 f   msvcrtd:MSVCR120D.dll
 0002:0001083e       __unlock                   0042183e f   msvcrtd:MSVCR120D.dll
 0002:00010844       __calloc_dbg               00421844 f   msvcrtd:MSVCR120D.dll
 0002:0001084a       ___dllonexit               0042184a f   msvcrtd:MSVCR120D.dll
 0002:00010850       ?__CxxUnhandledExceptionFilter@@YGJPAU_EXCEPTION_POINTERS@@@Z 00421850 f   msvcrtd:unhandld.obj
 0002:000108d0       ___CxxSetUnhandledExceptionFilter 004218d0 f   msvcrtd:unhandld.obj
 0002:000108ea       __XcptFilter               004218ea f   msvcrtd:MSVCR120D.dll
 0002:000108f0       ___crtGetShowWindowMode    004218f0 f   msvcrtd:MSVCR120D.dll
 0002:000108f6       __amsg_exit                004218f6 f   msvcrtd:MSVCR120D.dll
 0002:00010900       __setargv                  00421900 f   msvcrtd:dllargv.obj
 0002:00010908       ___getmainargs             00421908 f   msvcrtd:MSVCR120D.dll
 0002:0001090e       ___set_app_type            0042190e f   msvcrtd:MSVCR120D.dll
 0002:00010914       __CrtSetCheckCount         00421914 f   msvcrtd:MSVCR120D.dll
 0002:00010920       __FindPESection            00421920 f   msvcrtd:pesect.obj
 0002:000109b0       __IsNonwritableInCurrentImage 004219b0 f   msvcrtd:pesect.obj
 0002:00010b30       __ValidateImageBase        00421b30 f   msvcrtd:pesect.obj
 0002:00010ba4       _exit                      00421ba4 f   msvcrtd:MSVCR120D.dll
 0002:00010baa       __exit                     00421baa f   msvcrtd:MSVCR120D.dll
 0002:00010bb0       __cexit                    00421bb0 f   msvcrtd:MSVCR120D.dll
 0002:00010bc0       ___security_init_cookie    00421bc0 f   msvcrtd:gs_support.obj
 0002:00010ce0       __matherr                  00421ce0 f   msvcrtd:merr.obj
 0002:00010ce8       __ismbblead                00421ce8 f   msvcrtd:MSVCR120D.dll
 0002:00010cf0       __RTC_Initialize           00421cf0 f   msvcrtd:initsect.obj
 0002:00010d20       __RTC_Terminate            00421d20 f   msvcrtd:initsect.obj
 0002:00010d4e       __configthreadlocale       00421d4e f   msvcrtd:MSVCR120D.dll
 0002:00010d60       __invoke_watson_if_error   00421d60 f i msvcrtd:fp8.obj
 0002:00010d90       __setdefaultprecision      00421d90 f   msvcrtd:fp8.obj
 0002:00010dd2       ___setusermatherr          00421dd2 f   msvcrtd:MSVCR120D.dll
 0002:00010dd8       __initterm_e               00421dd8 f   msvcrtd:MSVCR120D.dll
 0002:00010dde       __initterm                 00421dde f   msvcrtd:MSVCR120D.dll
 0002:00010de4       ?terminate@@YAXXZ          00421de4 f   msvcrtd:MSVCR120D.dll
 0002:00010dea       __except_handler4_common   00421dea f   msvcrtd:MSVCR120D.dll
 0002:00011350       ?_RTC_GetSrcLine@@YAHPAEPA_WKPAH1K@Z 00422350 f   msvcrtd:pdblkup.obj
 0002:000116aa       __crt_debugger_hook        004226aa f   msvcrtd:MSVCR120D.dll
 0002:000116b0       ___crtUnhandledException   004226b0 f   msvcrtd:MSVCR120D.dll
 0002:000116b6       ___crtTerminateProcess     004226b6 f   msvcrtd:MSVCR120D.dll
 0002:000116bc       ___crtSetUnhandledExceptionFilter 004226bc f   msvcrtd:MSVCR120D.dll
 0002:000116c2       __invoke_watson            004226c2 f   msvcrtd:MSVCR120D.dll
 0002:000116c8       __controlfp_s              004226c8 f   msvcrtd:MSVCR120D.dll
 0002:000116ce       __wmakepath_s              004226ce f   msvcrtd:MSVCR120D.dll
 0002:000116d4       __wsplitpath_s             004226d4 f   msvcrtd:MSVCR120D.dll
 0002:000116da       _MultiByteToWideChar@24    004226da f   kernel32:KERNEL32.dll
 0002:000116e0       _DecodePointer@4           004226e0 f   kernel32:KERNEL32.dll
 0002:000116e6       _RaiseException@16         004226e6 f   kernel32:KERNEL32.dll
 0002:000116ec       _GetLastError@0            004226ec f   kernel32:KERNEL32.dll
 0002:000116f2       _HeapDestroy@4             004226f2 f   kernel32:KERNEL32.dll
 0002:000116f8       _HeapAlloc@12              004226f8 f   kernel32:KERNEL32.dll
 0002:000116fe       _HeapReAlloc@16            004226fe f   kernel32:KERNEL32.dll
 0002:00011704       _HeapFree@12               00422704 f   kernel32:KERNEL32.dll
 0002:0001170a       _HeapSize@12               0042270a f   kernel32:KERNEL32.dll
 0002:00011710       _GetProcessHeap@0          00422710 f   kernel32:KERNEL32.dll
 0002:00011716       _EnterCriticalSection@4    00422716 f   kernel32:KERNEL32.dll
 0002:0001171c       _LeaveCriticalSection@4    0042271c f   kernel32:KERNEL32.dll
 0002:00011722       _InitializeCriticalSectionEx@12 00422722 f   kernel32:KERNEL32.dll
 0002:00011728       _DeleteCriticalSection@4   00422728 f   kernel32:KERNEL32.dll
 0002:0001172e       _OutputDebugStringA@4      0042272e f   kernel32:KERNEL32.dll
 0002:00011734       _SetLastError@4            00422734 f   kernel32:KERNEL32.dll
 0002:0001173a       _InitializeCriticalSectionAndSpinCount@8 0042273a f   kernel32:KERNEL32.dll
 0002:00011740       _GetModuleFileNameW@12     00422740 f   kernel32:KERNEL32.dll
 0002:00011746       _GetModuleHandleA@4        00422746 f   kernel32:KERNEL32.dll
 0002:0001174c       _GetModuleHandleW@4        0042274c f   kernel32:KERNEL32.dll
 0002:00011752       _GetProcAddress@8          00422752 f   kernel32:KERNEL32.dll
 0002:00011758       _LoadLibraryW@4            00422758 f   kernel32:KERNEL32.dll
 0002:0001175e       _EncodePointer@4           0042275e f   kernel32:KERNEL32.dll
 0002:00011764       _IsDebuggerPresent@0       00422764 f   kernel32:KERNEL32.dll
 0002:0001176a       _LoadLibraryExW@12         0042276a f   kernel32:KERNEL32.dll
 0002:00011770       _WideCharToMultiByte@32    00422770 f   kernel32:KERNEL32.dll
 0002:00011776       _IsProcessorFeaturePresent@4 00422776 f   kernel32:KERNEL32.dll
 0002:0001177c       _QueryPerformanceCounter@4 0042277c f   kernel32:KERNEL32.dll
 0002:00011782       _GetCurrentProcessId@0     00422782 f   kernel32:KERNEL32.dll
 0002:00011788       _GetCurrentThreadId@0      00422788 f   kernel32:KERNEL32.dll
 0002:0001178e       _GetSystemTimeAsFileTime@4 0042278e f   kernel32:KERNEL32.dll
 0002:00011794       _VirtualQuery@12           00422794 f   kernel32:KERNEL32.dll
 0002:0001179a       _FreeLibrary@4             0042279a f   kernel32:KERNEL32.dll
 0002:000117a0       _UnregisterClassA@8        004227a0 f   user32:USER32.dll
 0002:000117a6       _GetCursorPos@4            004227a6 f   user32:USER32.dll
 0002:000117ac       _DeleteDC@4                004227ac f   gdi32:GDI32.dll
 0002:000117b2       _InitCommonControlsEx@4    004227b2 f   comctl32:COMCTL32.dll
 0002:000117b8       ??$?2PAUHINSTANCE__@@@Wrapper@?$CSimpleArray@PAUHINSTANCE__@@V?$CSimpleArrayEqualHelper@PAUHINSTANCE__@@@ATL@@@ATL@@SAPAXIPAPAUHINSTANCE__@@@Z 004227b8 f i atls:atlbase.obj
 0002:000117c2       ??0?$CComCritSecLock@VCComCriticalSection@ATL@@@ATL@@QAE@AAVCComCriticalSection@1@_N@Z 004227c2 f i atls:atlbase.obj
 0002:000117f2       ??0?$CSimpleArray@PAUHINSTANCE__@@V?$CSimpleArrayEqualHelper@PAUHINSTANCE__@@@ATL@@@ATL@@QAE@XZ 004227f2 f i atls:atlbase.obj
 0002:00011802       ??0CAtlBaseModule@ATL@@QAE@XZ 00422802 f   atls:atlbase.obj
 0002:00011869       ??0Wrapper@?$CSimpleArray@PAUHINSTANCE__@@V?$CSimpleArrayEqualHelper@PAUHINSTANCE__@@@ATL@@@ATL@@QAE@ABQAUHINSTANCE__@@@Z 00422869 f i atls:atlbase.obj
 0002:0001187d       ??0_ATL_BASE_MODULE70@ATL@@QAE@XZ 0042287d f i atls:atlbase.obj
 0002:000118a8       ??1?$CComCritSecLock@VCComCriticalSection@ATL@@@ATL@@QAE@XZ 004228a8 f i atls:atlbase.obj
 0002:000118c4       ??1?$CSimpleArray@PAUHINSTANCE__@@V?$CSimpleArrayEqualHelper@PAUHINSTANCE__@@@ATL@@@ATL@@QAE@XZ 004228c4 f i atls:atlbase.obj
 0002:000118c9       ??1CAtlBaseModule@ATL@@QAE@XZ 004228c9 f   atls:atlbase.obj
 0002:000118e4       ??1_ATL_BASE_MODULE70@ATL@@QAE@XZ 004228e4 f i atls:atlbase.obj
 0002:000118ee       ??A?$CSimpleArray@PAUHINSTANCE__@@V?$CSimpleArrayEqualHelper@PAUHINSTANCE__@@@ATL@@@ATL@@QAEAAPAUHINSTANCE__@@H@Z 004228ee f i atls:atlbase.obj
 0002:00011922       ?Add@?$CSimpleArray@PAUHINSTANCE__@@V?$CSimpleArrayEqualHelper@PAUHINSTANCE__@@@ATL@@@ATL@@QAEHABQAUHINSTANCE__@@@Z 00422922 f i atls:atlbase.obj
 0002:000119b8       ?AddResourceInstance@CAtlBaseModule@ATL@@QAE_NPAUHINSTANCE__@@@Z 004229b8 f   atls:atlbase.obj
 0002:000119f7       ?AtlCrtErrorCheck@ATL@@YAHH@Z 004229f7 f i atls:atlbase.obj
 0002:00011a40       ?AtlThrowImpl@ATL@@YGXJ@Z  00422a40 f i atls:atlbase.obj
 0002:00011a6f       ?GetHInstanceAt@CAtlBaseModule@ATL@@QAEPAUHINSTANCE__@@H@Z 00422a6f f   atls:atlbase.obj
 0002:00011ac5       ?GetSize@?$CSimpleArray@PAUHINSTANCE__@@V?$CSimpleArrayEqualHelper@PAUHINSTANCE__@@@ATL@@@ATL@@QBEHXZ 00422ac5 f i atls:atlbase.obj
 0002:00011ac9       ?InternalSetAtIndex@?$CSimpleArray@PAUHINSTANCE__@@V?$CSimpleArrayEqualHelper@PAUHINSTANCE__@@@ATL@@@ATL@@QAEXHABQAUHINSTANCE__@@@Z 00422ac9 f i atls:atlbase.obj
 0002:00011ae9       ?Lock@?$CComCritSecLock@VCComCriticalSection@ATL@@@ATL@@QAEJXZ 00422ae9 f i atls:atlbase.obj
 0002:00011b00       ?Lock@CComCriticalSection@ATL@@QAEJXZ 00422b00 f i atls:atlbase.obj
 0002:00011b0c       ?RemoveAll@?$CSimpleArray@PAUHINSTANCE__@@V?$CSimpleArrayEqualHelper@PAUHINSTANCE__@@@ATL@@@ATL@@QAEXXZ 00422b0c f i atls:atlbase.obj
 0002:00011b30       ?RemoveAt@?$CSimpleArray@PAUHINSTANCE__@@V?$CSimpleArrayEqualHelper@PAUHINSTANCE__@@@ATL@@@ATL@@QAEHH@Z 00422b30 f i atls:atlbase.obj
 0002:00011b8a       ?RemoveResourceInstance@CAtlBaseModule@ATL@@QAE_NPAUHINSTANCE__@@@Z 00422b8a f   atls:atlbase.obj
 0002:00011c00       ?Unlock@?$CComCritSecLock@VCComCriticalSection@ATL@@@ATL@@QAEXXZ 00422c00 f i atls:atlbase.obj
 0002:00011c15       ?Unlock@CComCriticalSection@ATL@@QAEJXZ 00422c15 f i atls:atlbase.obj
 0002:00011c21       ?memmove_s@Checked@ATL@@YAXPAXIPBXI@Z 00422c21 f i atls:atlbase.obj
 0002:00011c47       ??0?$CTraceCategoryEx@$00$0A@@ATL@@QAE@PB_W@Z 00422c47 f i atls:stdafx.obj
 0002:00011c4c       ??0?$CTraceCategoryEx@$01$0A@@ATL@@QAE@PB_W@Z 00422c4c f i atls:stdafx.obj
 0002:00011c51       ??0?$CTraceCategoryEx@$03$0A@@ATL@@QAE@PB_W@Z 00422c51 f i atls:stdafx.obj
 0002:00011c56       ??0?$CTraceCategoryEx@$07$0A@@ATL@@QAE@PB_W@Z 00422c56 f i atls:stdafx.obj
[...]
 0005:00000664       __imp_?IsModified@CDocument@@UAEHXZ 00431664     mfc120d:mfc120d.dll
 0005:00000668       __imp_?SetModifiedFlag@CDocument@@UAEXH@Z 00431668     mfc120d:mfc120d.dll
 0005:0000066c       __imp_?GetFirstViewPosition@CDocument@@UBEPAU__POSITION@@XZ 0043166c     mfc120d:mfc120d.dll
 0005:00000670       __imp_?GetNextView@CDocument@@UBEPAVCView@@AAPAU__POSITION@@@Z 00431670     mfc120d:mfc120d.dll
 0005:00000674       __imp_?OnChangedViewList@CDocument@@UAEXXZ 00431674     mfc120d:mfc120d.dll
 0005:00000678       __imp_?DeleteContents@CDocument@@UAEXXZ 00431678     mfc120d:mfc120d.dll
 0005:0000067c       __imp_?OnNewDocument@CDocument@@UAEHXZ 0043167c     mfc120d:mfc120d.dll
 0005:00000680       __imp_?OnOpenDocument@CDocument@@UAEHPBD@Z 00431680     mfc120d:mfc120d.dll
 0005:00000684       __imp_?OnSaveDocument@CDocument@@UAEHPBD@Z 00431684     mfc120d:mfc120d.dll
 0005:00000688       __imp_?OnCloseDocument@CDocument@@UAEXXZ 00431688     mfc120d:mfc120d.dll
 0005:0000068c       __imp_?ReportSaveLoadException@CDocument@@UAEXPBDPAVCException@@HI@Z 0043168c     mfc120d:mfc120d.dll
 0005:00000690       __imp_?GetFile@CDocument@@UAEPAVCFile@@PBDIPAVCFileException@@@Z 00431690     mfc120d:mfc120d.dll
 0005:00000694       __imp_?ReleaseFile@CDocument@@UAEXPAVCFile@@H@Z 00431694     mfc120d:mfc120d.dll
 0005:00000698       __imp_?OnRichPreviewUnload@CDocument@@UAEXXZ 00431698     mfc120d:mfc120d.dll
 0005:0000069c       __imp_?LoadDocumentFromStream@CDocument@@UAEJPAUIStream@@K@Z 0043169c     mfc120d:mfc120d.dll
 0005:000006a0       __imp_?GetThumbnail@CDocument@@UAEHIPAPAUHBITMAP__@@PAW4WTS_ALPHATYPE@@@Z 004316a0     mfc120d:mfc120d.dll
 0005:000006a4       __imp_?ClearChunkList@CDocument@@UAEXXZ 004316a4     mfc120d:mfc120d.dll
 0005:000006a8       __imp_?SetChunkValue@CDocument@@UAEHPAUIFilterChunkValue@ATL@@@Z 004316a8     mfc120d:mfc120d.dll
 0005:000006ac       __imp_?BeginReadChunks@CDocument@@UAEXXZ 004316ac     mfc120d:mfc120d.dll
 0005:000006b0       __imp_?ReadNextChunkValue@CDocument@@UAEHPAPAUIFilterChunkValue@ATL@@@Z 004316b0     mfc120d:mfc120d.dll
 0005:000006b4       __imp_?RemoveChunk@CDocument@@UAEXABU_GUID@@K@Z 004316b4     mfc120d:mfc120d.dll
 0005:000006b8       __imp_?FindChunk@CDocument@@UAEPAU__POSITION@@ABU_GUID@@K@Z 004316b8     mfc120d:mfc120d.dll
 0005:000006bc       __imp_?OnDocumentEvent@CDocument@@UAEXW4DocumentEvent@1@@Z 004316bc     mfc120d:mfc120d.dll
 0005:000006c0       __imp_?CanCloseFrame@CDocument@@UAEHPAVCFrameWnd@@@Z 004316c0     mfc120d:mfc120d.dll
 0005:000006c4       __imp_?SaveModified@CDocument@@UAEHXZ 004316c4     mfc120d:mfc120d.dll
 0005:000006c8       __imp_?PreCloseFrame@CDocument@@UAEXPAVCFrameWnd@@@Z 004316c8     mfc120d:mfc120d.dll
 0005:000006cc       __imp_?Dump@CDocument@@UBEXAAVCDumpContext@@@Z 004316cc     mfc120d:mfc120d.dll
 0005:000006d0       __imp_?AssertValid@CDocument@@UBEXXZ 004316d0     mfc120d:mfc120d.dll
 0005:000006d4       __imp_??1CDocument@@UAE@XZ 004316d4     mfc120d:mfc120d.dll
 0005:000006d8       __imp_?DoSave@CDocument@@UAEHPBDH@Z 004316d8     mfc120d:mfc120d.dll
 0005:000006dc       __imp_?DoFileSave@CDocument@@UAEHXZ 004316dc     mfc120d:mfc120d.dll
 0005:000006e0       __imp_?UpdateFrameCounts@CDocument@@UAEXXZ 004316e0     mfc120d:mfc120d.dll
 0005:000006e4       __imp_?GetDefaultMenu@CDocument@@UAEPAUHMENU__@@XZ 004316e4     mfc120d:mfc120d.dll
 0005:000006e8       __imp_?GetDefaultAccelerator@CDocument@@UAEPAUHACCEL__@@XZ 004316e8     mfc120d:mfc120d.dll
 0005:000006ec       __imp_?OnIdle@CDocument@@UAEXXZ 004316ec     mfc120d:mfc120d.dll
 0005:000006f0       __imp_?OnFinalRelease@CDocument@@UAEXXZ 004316f0     mfc120d:mfc120d.dll
 0005:000006f4       __imp_?OnLoadDocumentFromStream@CDocument@@UAEJPAUIStream@@K@Z 004316f4     mfc120d:mfc120d.dll
 0005:000006f8       __imp_?OnPreviewHandlerQueryFocus@CDocument@@UAEJPAPAUHWND__@@@Z 004316f8     mfc120d:mfc120d.dll
 0005:000006fc       __imp_?OnPreviewHandlerTranslateAccelerator@CDocument@@UAEJPAUtagMSG@@@Z 004316fc     mfc120d:mfc120d.dll
 0005:00000700       __imp_?OnCreatePreviewFrame@CDocument@@UAEHXZ 00431700     mfc120d:mfc120d.dll
 0005:00000704       __imp_?OnUnloadHandler@CDocument@@UAEXXZ 00431704     mfc120d:mfc120d.dll
 0005:00000708       __imp_?OnDrawThumbnail@CDocument@@UAEXAAVCDC@@PAUtagRECT@@@Z 00431708     mfc120d:mfc120d.dll
 0005:0000070c       __imp_?OnCmdMsg@CDocument@@UAEHIHPAXPAUAFX_CMDHANDLERINFO@@@Z 0043170c     mfc120d:mfc120d.dll
 0005:00000710       __imp_?GetInterfaceMap@CDocument@@MBEPBUAFX_INTERFACEMAP@@XZ 00431710     mfc120d:mfc120d.dll
 0005:00000714       __imp_?OnFilePrint@CView@@IAEXXZ 00431714     mfc120d:mfc120d.dll
 0005:00000718       __imp_?GetThisMessageMap@CView@@KGPBUAFX_MSGMAP@@XZ 00431718     mfc120d:mfc120d.dll
 0005:0000071c       __imp_?IsKindOf@CObject@@QBEHPBUCRuntimeClass@@@Z 0043171c     mfc120d:mfc120d.dll
 0005:00000720       __imp_??BCMenu@@QBEPAUHMENU__@@XZ 00431720     mfc120d:mfc120d.dll
 0005:00000724       __imp_?TrackPopupMenu@CMenu@@QAEHIHHPAVCWnd@@PBUtagRECT@@@Z 00431724     mfc120d:mfc120d.dll
 0005:00000728       __imp_?CheckMenuItem@CMenu@@QAEIII@Z 00431728     mfc120d:mfc120d.dll
 0005:0000072c       __imp_?GetSubMenu@CMenu@@QBEPAV1@H@Z 0043172c     mfc120d:mfc120d.dll
 0005:00000730       __imp_?ClientToScreen@CWnd@@QBEXPAUtagPOINT@@@Z 00431730     mfc120d:mfc120d.dll
 0005:00000734       __imp_?OnCommand@CWnd@@MAEHIJ@Z 00431734     mfc120d:mfc120d.dll
 0005:00000738       __imp_?PreTranslateMessage@CWnd@@UAEHPAUtagMSG@@@Z 00431738     mfc120d:mfc120d.dll
 0005:0000073c       __imp_?GetThisClass@CView@@SGPAUCRuntimeClass@@XZ 0043173c     mfc120d:mfc120d.dll
 0005:00000740       __imp_??0CView@@IAE@XZ     00431740     mfc120d:mfc120d.dll
 0005:00000744       __imp_?DoPreparePrinting@CView@@QAEHPAUCPrintInfo@@@Z 00431744     mfc120d:mfc120d.dll
 0005:00000748       __imp_?IsSelected@CView@@UBEHPBVCObject@@@Z 00431748     mfc120d:mfc120d.dll
 0005:0000074c       __imp_?OnScroll@CView@@UAEHIIH@Z 0043174c     mfc120d:mfc120d.dll
 0005:00000750       __imp_?OnScrollBy@CView@@UAEHVCSize@@H@Z 00431750     mfc120d:mfc120d.dll
 0005:00000754       __imp_?OnDragEnter@CView@@UAEKPAVCOleDataObject@@KVCPoint@@@Z 00431754     mfc120d:mfc120d.dll
 0005:00000758       __imp_?OnDragOver@CView@@UAEKPAVCOleDataObject@@KVCPoint@@@Z 00431758     mfc120d:mfc120d.dll
 0005:0000075c       __imp_?OnDragLeave@CView@@UAEXXZ 0043175c     mfc120d:mfc120d.dll
 0005:00000760       __imp_?OnDrop@CView@@UAEHPAVCOleDataObject@@KVCPoint@@@Z 00431760     mfc120d:mfc120d.dll
 0005:00000764       __imp_?OnDropEx@CView@@UAEKPAVCOleDataObject@@KKVCPoint@@@Z 00431764     mfc120d:mfc120d.dll
 0005:00000768       __imp_?OnDragScroll@CView@@UAEKKVCPoint@@@Z 00431768     mfc120d:mfc120d.dll
 0005:0000076c       __imp_?OnPrepareDC@CView@@UAEXPAVCDC@@PAUCPrintInfo@@@Z 0043176c     mfc120d:mfc120d.dll
 0005:00000770       __imp_?OnInitialUpdate@CView@@UAEXXZ 00431770     mfc120d:mfc120d.dll
 0005:00000774       __imp_?OnActivateView@CView@@MAEXHPAV1@0@Z 00431774     mfc120d:mfc120d.dll
 0005:00000778       __imp_?OnActivateFrame@CView@@MAEXIPAVCFrameWnd@@@Z 00431778     mfc120d:mfc120d.dll
 0005:0000077c       __imp_?OnUpdate@CView@@MAEXPAV1@JPAVCObject@@@Z 0043177c     mfc120d:mfc120d.dll
 0005:00000780       __imp_?OnPrint@CView@@MAEXPAVCDC@@PAUCPrintInfo@@@Z 00431780     mfc120d:mfc120d.dll
 0005:00000784       __imp_?OnEndPrintPreview@CView@@MAEXPAVCDC@@PAUCPrintInfo@@UtagPOINT@@PAVCPreviewView@@@Z 00431784     mfc120d:mfc120d.dll
 0005:00000788       __imp_??1CView@@UAE@XZ     00431788     mfc120d:mfc120d.dll
 0005:0000078c       __imp_?Dump@CView@@UBEXAAVCDumpContext@@@Z 0043178c     mfc120d:mfc120d.dll
 0005:00000790       __imp_?AssertValid@CView@@UBEXXZ 00431790     mfc120d:mfc120d.dll
 0005:00000794       __imp_?CalcWindowRect@CView@@UAEXPAUtagRECT@@I@Z 00431794     mfc120d:mfc120d.dll
 0005:00000798       __imp_?GetScrollBarCtrl@CView@@UBEPAVCScrollBar@@H@Z 00431798     mfc120d:mfc120d.dll
 0005:0000079c       __imp_?OnCmdMsg@CView@@UAEHIHPAXPAUAFX_CMDHANDLERINFO@@@Z 0043179c     mfc120d:mfc120d.dll
 0005:000007a0       __imp_?PreCreateWindow@CView@@MAEHAAUtagCREATESTRUCTA@@@Z 004317a0     mfc120d:mfc120d.dll
 0005:000007a4       __imp_?PostNcDestroy@CView@@MAEXXZ 004317a4     mfc120d:mfc120d.dll
 0005:000007a8       __imp_?AFXPrintPreview@@YAXPAVCView@@@Z 004317a8     mfc120d:mfc120d.dll
 0005:000007ac       __imp_?OnNotify@CWnd@@MAEHIJPAJ@Z 004317ac     mfc120d:mfc120d.dll
 0005:000007b0       __imp_?CreateAccessibleProxy@CWnd@@UAEJIJPAJ@Z 004317b0     mfc120d:mfc120d.dll
 0005:000007b4       __imp_?SetProxy@CWnd@@UAEJPAUIAccessibleProxy@@@Z 004317b4     mfc120d:mfc120d.dll
 0005:000007b8       __imp_?put_accValue@CWnd@@UAEJUtagVARIANT@@PA_W@Z 004317b8     mfc120d:mfc120d.dll
 0005:000007bc       __imp_?put_accName@CWnd@@UAEJUtagVARIANT@@PA_W@Z 004317bc     mfc120d:mfc120d.dll
 0005:000007c0       __imp_?accDoDefaultAction@CWnd@@UAEJUtagVARIANT@@@Z 004317c0     mfc120d:mfc120d.dll
 0005:000007c4       __imp_?accHitTest@CWnd@@UAEJJJPAUtagVARIANT@@@Z 004317c4     mfc120d:mfc120d.dll
 0005:000007c8       __imp_?accNavigate@CWnd@@UAEJJUtagVARIANT@@PAU2@@Z 004317c8     mfc120d:mfc120d.dll
 0005:000007cc       __imp_?accLocation@CWnd@@UAEJPAJ000UtagVARIANT@@@Z 004317cc     mfc120d:mfc120d.dll
 0005:000007d0       __imp_?accSelect@CWnd@@UAEJJUtagVARIANT@@@Z 004317d0     mfc120d:mfc120d.dll
 0005:000007d4       __imp_?get_accDefaultAction@CWnd@@UAEJUtagVARIANT@@PAPA_W@Z 004317d4     mfc120d:mfc120d.dll
 0005:000007d8       __imp_?get_accSelection@CWnd@@UAEJPAUtagVARIANT@@@Z 004317d8     mfc120d:mfc120d.dll
 0005:000007dc       __imp_?get_accFocus@CWnd@@UAEJPAUtagVARIANT@@@Z 004317dc     mfc120d:mfc120d.dll
 0005:000007e0       __imp_?get_accKeyboardShortcut@CWnd@@UAEJUtagVARIANT@@PAPA_W@Z 004317e0     mfc120d:mfc120d.dll
 0005:000007e4       __imp_?get_accHelpTopic@CWnd@@UAEJPAPA_WUtagVARIANT@@PAJ@Z 004317e4     mfc120d:mfc120d.dll
 0005:000007e8       __imp_?get_accHelp@CWnd@@UAEJUtagVARIANT@@PAPA_W@Z 004317e8     mfc120d:mfc120d.dll
 0005:000007ec       __imp_?get_accState@CWnd@@UAEJUtagVARIANT@@PAU2@@Z 004317ec     mfc120d:mfc120d.dll
 0005:000007f0       __imp_?get_accRole@CWnd@@UAEJUtagVARIANT@@PAU2@@Z 004317f0     mfc120d:mfc120d.dll
 0005:000007f4       __imp_?get_accDescription@CWnd@@UAEJUtagVARIANT@@PAPA_W@Z 004317f4     mfc120d:mfc120d.dll
 0005:000007f8       __imp_?get_accValue@CWnd@@UAEJUtagVARIANT@@PAPA_W@Z 004317f8     mfc120d:mfc120d.dll
 0005:000007fc       __imp_?get_accName@CWnd@@UAEJUtagVARIANT@@PAPA_W@Z 004317fc     mfc120d:mfc120d.dll
 0005:00000800       __imp_?get_accChild@CWnd@@UAEJUtagVARIANT@@PAPAUIDispatch@@@Z 00431800     mfc120d:mfc120d.dll
 0005:00000804       __imp_?get_accChildCount@CWnd@@UAEJPAJ@Z 00431804     mfc120d:mfc120d.dll
 0005:00000808       __imp_?get_accParent@CWnd@@UAEJPAPAUIDispatch@@@Z 00431808     mfc120d:mfc120d.dll
 0005:0000080c       __imp_?EnsureStdObj@CWnd@@UAEJXZ 0043180c     mfc120d:mfc120d.dll
 0005:00000810       __imp_?GetInterfaceMap@CWnd@@MBEPBUAFX_INTERFACEMAP@@XZ 00431810     mfc120d:mfc120d.dll
 0005:00000814       __imp_?OnDrawIconicThumbnailOrLivePreview@CWnd@@UAEXAAVCDC@@VCRect@@VCSize@@HAAH@Z 00431814     mfc120d:mfc120d.dll
 0005:00000818       __imp_?EndModalLoop@CWnd@@UAEXH@Z 00431818     mfc120d:mfc120d.dll
 0005:0000081c       __imp_?ContinueModal@CWnd@@UAEHXZ 0043181c     mfc120d:mfc120d.dll
 0005:00000820       __imp_?WinHelpInternal@CWnd@@UAEXKI@Z 00431820     mfc120d:mfc120d.dll
 0005:00000824       __imp_?GetScrollBarCtrl@CWnd@@UBEPAVCScrollBar@@H@Z 00431824     mfc120d:mfc120d.dll
 0005:00000828       __imp_?OnToolHitTest@CWnd@@UBEHVCPoint@@PAUtagTOOLINFOA@@@Z 00431828     mfc120d:mfc120d.dll
 0005:0000082c       __imp_?RedrawWindow@CWnd@@QAEHPBUtagRECT@@PAVCRgn@@I@Z 0043182c     mfc120d:mfc120d.dll
 0005:00000830       __imp_?SetWindowTextA@CWnd@@QAEXPBD@Z 00431830     mfc120d:mfc120d.dll
 0005:00000834       __imp_?CalcWindowRect@CWnd@@UAEXPAUtagRECT@@I@Z 00431834     mfc120d:mfc120d.dll
 0005:00000838       __imp_?DestroyWindow@CWnd@@UAEHXZ 00431838     mfc120d:mfc120d.dll
 0005:0000083c       __imp_?CreateEx@CWnd@@UAEHKPBD0KABUtagRECT@@PAV1@IPAX@Z 0043183c     mfc120d:mfc120d.dll
 0005:00000840       __imp_?CreateEx@CWnd@@UAEHKPBD0KHHHHPAUHWND__@@PAUHMENU__@@PAX@Z 00431840     mfc120d:mfc120d.dll
 0005:00000844       __imp_?Create@CWnd@@UAEHPBD0KABUtagRECT@@PAV1@IPAUCCreateContext@@@Z 00431844     mfc120d:mfc120d.dll
 0005:00000848       __imp_?PreSubclassWindow@CWnd@@UAEXXZ 00431848     mfc120d:mfc120d.dll
 0005:0000084c       __imp_?GetConnectionHook@CCmdTarget@@MAEPAUIConnectionPoint@@ABU_GUID@@@Z 0043184c     mfc120d:mfc120d.dll
 0005:00000850       __imp_?GetExtraConnectionPoints@CCmdTarget@@MAEHPAVCPtrArray@@@Z 00431850     mfc120d:mfc120d.dll
 0005:00000854       __imp_?GetInterfaceHook@CCmdTarget@@UAEPAUIUnknown@@PBX@Z 00431854     mfc120d:mfc120d.dll
 0005:00000858       __imp_?OnCreateAggregates@CCmdTarget@@UAEHXZ 00431858     mfc120d:mfc120d.dll
 0005:0000085c       __imp_?GetEventSinkMap@CCmdTarget@@MBEPBUAFX_EVENTSINKMAP@@XZ 0043185c     mfc120d:mfc120d.dll
 0005:00000860       __imp_?GetConnectionMap@CCmdTarget@@MBEPBUAFX_CONNECTIONMAP@@XZ 00431860     mfc120d:mfc120d.dll
 0005:00000864       __imp_?GetDispatchMap@CCmdTarget@@MBEPBUAFX_DISPMAP@@XZ 00431864     mfc120d:mfc120d.dll
 0005:00000868       __imp_?GetCommandMap@CCmdTarget@@MBEPBUAFX_OLECMDMAP@@XZ 00431868     mfc120d:mfc120d.dll
 0005:0000086c       __imp_?GetTypeLib@CCmdTarget@@UAEJKPAPAUITypeLib@@@Z 0043186c     mfc120d:mfc120d.dll
 0005:00000870       __imp_?GetTypeLibCache@CCmdTarget@@UAEPAVCTypeLibCache@@XZ 00431870     mfc120d:mfc120d.dll
 0005:00000874       __imp_?GetTypeInfoCount@CCmdTarget@@UAEIXZ 00431874     mfc120d:mfc120d.dll
 0005:00000878       __imp_?GetDispatchIID@CCmdTarget@@UAEHPAU_GUID@@@Z 00431878     mfc120d:mfc120d.dll
 0005:0000087c       __imp_?IsInvokeAllowed@CCmdTarget@@UAEHJ@Z 0043187c     mfc120d:mfc120d.dll
 0005:00000880       __imp_??1CMenu@@UAE@XZ     00431880     mfc120d:mfc120d.dll
 0005:00000884       __imp_?LoadMenuA@CMenu@@QAEHI@Z 00431884     mfc120d:mfc120d.dll
 0005:00000888       __imp_??0CMenu@@QAE@XZ     00431888     mfc120d:mfc120d.dll
 0005:0000088c       __imp_?FreeDataChain@CPlex@@QAEXXZ 0043188c     mfc120d:mfc120d.dll
 0005:00000890       __imp_?Create@CPlex@@SGPAU1@AAPAU1@II@Z 00431890     mfc120d:mfc120d.dll
 0005:00000894       __imp_??6CDumpContext@@QAEAAV0@H@Z 00431894     mfc120d:mfc120d.dll
 0005:00000898       __imp_??6CDumpContext@@QAEAAV0@PBD@Z 00431898     mfc120d:mfc120d.dll
 0005:0000089c       __imp_?GetDepth@CDumpContext@@QBEHXZ 0043189c     mfc120d:mfc120d.dll
 0005:000008a0       __imp_?WriteCount@CArchive@@QAEXK@Z 004318a0     mfc120d:mfc120d.dll
 0005:000008a4       __imp_?ReadCount@CArchive@@QAEKXZ 004318a4     mfc120d:mfc120d.dll
 0005:000008a8       __imp_?Write@CArchive@@QAEXPBXI@Z 004318a8     mfc120d:mfc120d.dll
 0005:000008ac       __imp_?EnsureRead@CArchive@@QAEXPAXI@Z 004318ac     mfc120d:mfc120d.dll
 0005:000008b0       __imp_?IsStoring@CArchive@@QBEHXZ 004318b0     mfc120d:mfc120d.dll
 0005:000008b4       __imp_?AfxIsValidAddress@@YGHPBXIH@Z 004318b4     mfc120d:mfc120d.dll
 0005:000008b8       __imp_?LoadStringA@?$CStringT@DV?$StrTraitMFC_DLL@DV?$ChTraitsCRT@D@ATL@@@@@ATL@@QAEHI@Z 004318b8     mfc120d:mfc120d.dll
 0005:000008bc       __imp_??1?$CStringT@DV?$StrTraitMFC_DLL@DV?$ChTraitsCRT@D@ATL@@@@@ATL@@QAE@XZ 004318bc     mfc120d:mfc120d.dll
 0005:000008c0       __imp_??0?$CStringT@DV?$StrTraitMFC_DLL@DV?$ChTraitsCRT@D@ATL@@@@@ATL@@QAE@XZ 004318c0     mfc120d:mfc120d.dll
 0005:000008c4       __imp_??B?$CSimpleStringT@D$00@ATL@@QBEPBDXZ 004318c4     mfc120d:mfc120d.dll
 0005:000008c8       __imp_?Dump@CObject@@UBEXAAVCDumpContext@@@Z 004318c8     mfc120d:mfc120d.dll
 0005:000008cc       __imp_?AssertValid@CObject@@UBEXXZ 004318cc     mfc120d:mfc120d.dll
 0005:000008d0       __imp_?Serialize@CObject@@UAEXAAVCArchive@@@Z 004318d0     mfc120d:mfc120d.dll
 0005:000008d4       __imp_??0CObject@@IAE@XZ   004318d4     mfc120d:mfc120d.dll
 0005:000008d8       __imp_??3CObject@@SGXPAXPBDH@Z 004318d8     mfc120d:mfc120d.dll
 0005:000008dc       __imp_??2CObject@@SGPAXIPBDH@Z 004318dc     mfc120d:mfc120d.dll
 0005:000008e0       __imp_??3CObject@@SGXPAX@Z 004318e0     mfc120d:mfc120d.dll
 0005:000008e4       __imp_?OnChildNotify@CWnd@@MAEHIIJPAJ@Z 004318e4     mfc120d:mfc120d.dll
 0005:000008e8       __imp_?DefWindowProcA@CWnd@@MAEJIIJ@Z 004318e8     mfc120d:mfc120d.dll
 0005:000008ec       __imp_?OnWndMsg@CWnd@@MAEHIIJPAJ@Z 004318ec     mfc120d:mfc120d.dll
 0005:000008f0       __imp_??1CObject@@UAE@XZ   004318f0     mfc120d:mfc120d.dll
 0005:000008f4       __imp_?GetRuntimeClass@CObject@@UBEPAUCRuntimeClass@@XZ 004318f4     mfc120d:mfc120d.dll
 0005:000008f8       __imp_?AfxThrowInvalidArgException@@YGXXZ 004318f8     mfc120d:mfc120d.dll
 0005:000008fc       __imp_?AfxAssertValidObject@@YGXPBVCObject@@PBDH@Z 004318fc     mfc120d:mfc120d.dll
 0005:00000900       __imp_?WindowProc@CWnd@@MAEJIIJ@Z 00431900     mfc120d:mfc120d.dll
 0005:00000904       __imp_?OnAmbientProperty@CWnd@@UAEHPAVCOleControlSite@@JPAUtagVARIANT@@@Z 00431904     mfc120d:mfc120d.dll
 0005:00000908       __imp_?GetRuntimeClass@CDialogEx@@UBEPAUCRuntimeClass@@XZ 00431908     mfc120d:mfc120d.dll
 0005:0000090c       __imp_?DoDataExchange@CWnd@@MAEXPAVCDataExchange@@@Z 0043190c     mfc120d:mfc120d.dll
 0005:00000910       __imp_?AfxAssertFailedLine@@YGHPBDH@Z 00431910     mfc120d:mfc120d.dll
 0005:00000914       __imp_?GetThisMessageMap@CFrameWndEx@@KGPBUAFX_MSGMAP@@XZ 00431914     mfc120d:mfc120d.dll
 0005:00000918       __imp_?WriteProfileStringA@CWinApp@@UAEHPBD00@Z 00431918     mfc120d:mfc120d.dll
 0005:0000091c       __imp_??3@YAXPAX@Z         0043191c     mfc120d:mfc120d.dll
 0005:00000920       __imp_?AfxGetModuleState@@YGPAVAFX_MODULE_STATE@@XZ 00431920     mfc120d:mfc120d.dll
 0005:00000924       __imp_?AfxWinMain@@YGHPAUHINSTANCE__@@0PADH@Z 00431924     mfc120d:mfc120d.dll
 0005:00000928       __imp_?AfxGetApp@@YGPAVCWinApp@@XZ 00431928     mfc120d:mfc120d.dll
 0005:0000092c       __imp_?SetDefaultItem@CMenu@@QAEHIH@Z 0043192c     mfc120d:mfc120d.dll
 0005:00000930       __imp_?SetMenuItemBitmaps@CMenu@@QAEHIIPBVCBitmap@@0@Z 00431930     mfc120d:mfc120d.dll
 0005:00000934       __imp_??1CBitmap@@UAE@XZ   00431934     mfc120d:mfc120d.dll
 0005:00000938       __imp_?LoadBitmapA@CBitmap@@QAEHI@Z 00431938     mfc120d:mfc120d.dll
 0005:0000093c       __imp_??0CBitmap@@QAE@XZ   0043193c     mfc120d:mfc120d.dll
 0005:00000940       __imp_?Format@?$CStringT@DV?$StrTraitMFC_DLL@DV?$ChTraitsCRT@D@ATL@@@@@ATL@@QAAXPBDZZ 00431940     mfc120d:mfc120d.dll
 0005:00000944       __imp_?MessageBoxA@CWnd@@QAEHPBD0I@Z 00431944     mfc120d:mfc120d.dll
 0005:00000948       __imp_?EnableMenuItem@CMenu@@QAEIII@Z 00431948     mfc120d:mfc120d.dll
 0005:0000094c       __imp_?Detach@CMenu@@QAEPAUHMENU__@@XZ 0043194c     mfc120d:mfc120d.dll
 0005:00000950       \177mfc120d_NULL_THUNK_DATA 00431950     mfc120d:mfc120d.dll
 0005:00000a98       __IMPORT_DESCRIPTOR_mfc120d 00431a98     mfc120d:mfc120d.dll
 0005:00000aac       __IMPORT_DESCRIPTOR_MSVCR120D 00431aac     msvcrtd:MSVCR120D.dll
 0005:00000ac0       __IMPORT_DESCRIPTOR_KERNEL32 00431ac0     kernel32:KERNEL32.dll
 0005:00000ad4       __IMPORT_DESCRIPTOR_USER32 00431ad4     user32:USER32.dll
 0005:00000ae8       __IMPORT_DESCRIPTOR_GDI32  00431ae8     gdi32:GDI32.dll
 0005:00000afc       __IMPORT_DESCRIPTOR_COMCTL32 00431afc     comctl32:COMCTL32.dll
 0005:00000b10       __IMPORT_DESCRIPTOR_OLEAUT32 00431b10     oleaut32:OLEAUT32.dll
 0005:00000b24       __IMPORT_DESCRIPTOR_gdiplus 00431b24     gdiplus:gdiplus.dll
 0005:00000b38       __NULL_IMPORT_DESCRIPTOR   00431b38     mfc120d:mfc120d.dll

 entry point at        0002:00000bea

